******************************************************************************
                  TI ARM Linker PC v20.2.1                     
******************************************************************************
>> Linked Wed Dec 23 15:54:31 2020

OUTPUT FILE NAME:   <fatsd_MSP_EXP432P401R_nortos_ccs.out>
ENTRY POINT SYMBOL: "resetISR"  address: 00007d49


MEMORY CONFIGURATION

         name            origin    length      used     unused   attr    fill
----------------------  --------  ---------  --------  --------  ----  --------
  MAIN                  00000000   00040000  00008874  0003778c  R  X
  INFO                  00200000   00004000  00000000  00004000  R  X
  SRAM_CODE             01000000   00010000  0000aa37  000055c9  RW X
  SRAM_DATA             20000000   00010000  0000aa37  000055c9  RW  


SEGMENT ALLOCATION MAP

run origin  load origin   length   init length attrs members
----------  ----------- ---------- ----------- ----- -------
00000000    00000000    00008878   00008878    r-x
  00000000    00000000    00000144   00000144    r-- .intvecs
  00000144    00000144    00008104   00008104    r-x .text
  00008248    00008248    0000050c   0000050c    r-- .const
  00008758    00008758    00000120   00000120    r-- .cinit
20000000    20000000    0000994f   00000000    rw-
  20000000    20000000    00008000   00000000    rw- .sysmem
  20008000    20008000    000013fc   00000000    rw- .bss
  200093fc    200093fc    00000553   00000000    rw- .data
20009c00    20009c00    000000e8   00000000    rw-
  20009c00    20009c00    000000e8   00000000    rw- .vtable
2000f000    2000f000    00001000   00000000    rw-
  2000f000    2000f000    00001000   00000000    rw- .stack


SECTION ALLOCATION MAP

 output                                  attributes/
section   page    origin      length       input sections
--------  ----  ----------  ----------   ----------------
.text      0    00000144    00008104     
                  00000144    000004e8     fatsd_nortos.obj (.text:mainThread)
                  0000062c    000002f8     drivers_msp432p401x.aem4f : PowerMSP432.oem4f (.text:Power_sleep)
                  00000924    000002d8     nortos_msp432p401x.aem4f : SystemP_nortos.oem4f (.text:doPrint)
                  00000bfc    000002d0     drivers_msp432p401x.aem4f : UARTMSP432.oem4f (.text:UARTMSP432_open)
                  00000ecc    00000298     fatfs.a : ff.obj (.text:find_volume)
                  00001164    0000028c     drivers_msp432p401x.aem4f : SPIMSP432DMA.oem4f (.text:SPIMSP432DMA_open)
                  000013f0    00000288                               : PowerMSP432.oem4f (.text:initPerfControl)
                  00001678    000001dc                               : SDSPI.oem4f (.text:SDSPI_initialize)
                  00001854    000001b6     fatfs.a : ff.obj (.text:f_open)
                  00001a0a    000001b6     rtsv7M4_T_le_v4SPD16_eabi.lib : fd_add_t2.asm.obj (.text)
                  00001bc0    00000186     fatfs.a : ff.obj (.text:f_write)
                  00001d46    00000002     ti_drivers_config.obj (.text:Board_initHook)
                  00001d48    00000180     rtsv7M4_T_le_v4SPD16_eabi.lib : fwrite.c.obj (.text:fwrite)
                  00001ec8    00000170     drivers_msp432p401x.aem4f : GPIOMSP432.oem4f (.text:GPIO_setConfig)
                  00002038    00000156     fatfs.a : ff.obj (.text:f_read)
                  0000218e    00000140             : ff.obj (.text:f_lseek)
                  000022ce    00000002     display.aem4f : DisplayUart.oem4f (.text:DisplayUartMin_clear)
                  000022d0    00000130     drivers_msp432p401x.aem4f : UDMAMSP432.oem4f (.text:setupInterrupt)
                  00002400    0000012c                               : SPIMSP432DMA.oem4f (.text:SPIMSP432DMA_transfer)
                  0000252c    0000011c     msp432p4xx_driverlib.lib : uart.o (.text:UART_initModule)
                  00002648    0000010c     rtsv7M4_T_le_v4SPD16_eabi.lib : fopen.c.obj (.text:_openfile)
                  00002754    0000010c     fatfs.a : ff.obj (.text:f_rename)
                  00002860    00000108     rtsv7M4_T_le_v4SPD16_eabi.lib : memory.c.obj (.text:aligned_alloc)
                  00002968    00000104     drivers_msp432p401x.aem4f : SPIMSP432DMA.oem4f (.text:SPIMSP432DMA_transferCancel)
                  00002a6c    000000fc                               : SPIMSP432DMA.oem4f (.text:configDMA)
                  00002b68    000000fc     rtsv7M4_T_le_v4SPD16_eabi.lib : fd_mul_t2.asm.obj (.text)
                  00002c64    000000f8                                   : fread.c.obj (.text:fread)
                  00002d5c    000000f2     fatfs.a : ff.obj (.text:put_fat)
                  00002e4e    00000002     display.aem4f : DisplayUart.oem4f (.text:DisplayUartMin_clearLines)
                  00002e50    000000f0     msp432p4xx_driverlib.lib : dma.o (.text:DMA_setChannelTransfer)
                  00002f40    000000ee     fatfs.a : ff.obj (.text:create_chain)
                  0000302e    00000002     display.aem4f : DisplayUart.oem4f (.text:DisplayUartMin_init)
                  00003030    000000e4     msp432p4xx_driverlib.lib : cs.o (.text:CS_startHFXTWithTimeout)
                  00003114    000000e4     rtsv7M4_T_le_v4SPD16_eabi.lib : memory.c.obj (.text:free)
                  000031f8    000000e0     msp432p4xx_driverlib.lib : cs.o (.text:CS_startLFXTWithTimeout)
                  000032d8    000000e0     nortos_msp432p401x.aem4f : TimerPMSP432_nortos.oem4f (.text:TimerP_construct)
                  000033b8    000000dc     drivers_msp432p401x.aem4f : UARTMSP432.oem4f (.text:UARTMSP432_readPolling)
                  00003494    000000dc                               : UDMAMSP432.oem4f (.text:UDMAMSP432_close)
                  00003570    000000dc     msp432p4xx_driverlib.lib : cs.o (.text:_CSGetHFXTFrequency)
                  0000364c    000000dc     rtsv7M4_T_le_v4SPD16_eabi.lib : setvbuf.c.obj (.text:setvbuf)
                  00003728    000000d8     nortos_msp432p401x.aem4f : SwiP_nortos.oem4f (.text:SwiP_construct)
                  00003800    000000d3     fatfs.a : ff.obj (.text:create_name)
                  000038d3    00000001     --HOLE-- [fill = 0]
                  000038d4    000000d0     drivers_msp432p401x.aem4f : SDFatFS.oem4f (.text:SDFatFS_open)
                  000039a4    000000ca                               : SDSPI.oem4f (.text:SDSPI_write)
                  00003a6e    000000ca                               : UARTMSP432.oem4f (.text:UARTMSP432_hwiIntFxn)
                  00003b38    000000bc     fatfs.a : ff.obj (.text:get_fat)
                  00003bf4    000000bc     rtsv7M4_T_le_v4SPD16_eabi.lib : open.c.obj (.text:open)
                  00003cb0    000000b8                                   : add_device.c.obj (.text:add_device)
                  00003d68    000000b8     fatfs.a : ff.obj (.text:dir_next)
                  00003e20    000000b8     drivers_msp432p401x.aem4f : UARTMSP432.oem4f (.text:initHw)
                  00003ed8    000000b8                               : UARTMSP432.oem4f (.text:readTaskCallback)
                  00003f90    000000b4     nortos_msp432p401x.aem4f : ClockPTimer_nortos.oem4f (.text:ClockP_startup)
                  00004044    000000b4     drivers_msp432p401x.aem4f : UARTMSP432.oem4f (.text:UARTMSP432_control)
                  000040f8    000000b4                               : UARTMSP432.oem4f (.text:UARTMSP432_writePolling)
                  000041ac    000000b0     msp432p4xx_driverlib.lib : spi.o (.text:SPI_initMaster)
                  0000425c    000000ae     drivers_msp432p401x.aem4f : SDSPI.oem4f (.text:SDSPI_read)
                  0000430a    00000002     msp432p4xx_driverlib.lib : interrupt.o (.text:IntDefaultHandler)
                  0000430c    000000ac     nortos_msp432p401x.aem4f : ClockPTimer_nortos.oem4f (.text:ClockP_workFuncDynamic)
                  000043b8    000000ac     drivers_msp432p401x.aem4f : GPIOMSP432.oem4f (.text:GPIO_init)
                  00004464    000000a8                               : SDSPI.oem4f (.text:SDSPI_getNumSectors)
                  0000450c    000000a8                               : UARTMSP432.oem4f (.text:UARTMSP432_write)
                  000045b4    000000a8     fatfs.a : ffcio.obj (.text:ffcio_open)
                  0000465c    000000a8     drivers_msp432p401x.aem4f : UARTMSP432.oem4f (.text:readTaskBlocking)
                  00004704    000000a2     fatfs.a : ff.obj (.text:f_unlink)
                  000047a6    00000002     nortos_msp432p401x.aem4f : PowerMSP432_nortos.oem4f (.text:PowerMSP432_initPolicy)
                  000047a8    000000a0                              : SemaphoreP_nortos.oem4f (.text:SemaphoreP_pend)
                  00004848    000000a0     drivers_msp432p401x.aem4f : UARTMSP432.oem4f (.text:readIsrTextCallback)
                  000048e8    0000009c                               : PowerMSP432.oem4f (.text:Power_init)
                  00004984    0000009c     nortos_msp432p401x.aem4f : SwiP_nortos.oem4f (.text:SwiP_dispatch)
                  00004a20    0000009c     rtsv7M4_T_le_v4SPD16_eabi.lib : _bufread.c.obj (.text:__TI_buff_read)
                  00004abc    0000009c     fatfs.a : ff.obj (.text:f_sync)
                  00004b58    0000009c     rtsv7M4_T_le_v4SPD16_eabi.lib : fopen.c.obj (.text:fopen)
                  00004bf4    0000009c                                   : memcpy_t2.asm.obj (.text)
                  00004c90    00000096                                   : ull_div_t2.asm.obj (.text)
                  00004d26    00000002     nortos_msp432p401x.aem4f : PowerMSP432_nortos.oem4f (.text:PowerMSP432_updateFreqs)
                  00004d28    00000094     drivers_msp432p401x.aem4f : UDMAMSP432.oem4f (.text:UDMAMSP432_init)
                  00004dbc    00000094                               : UDMAMSP432.oem4f (.text:UDMAMSP432_open)
                  00004e50    00000092                               : UARTMSP432.oem4f (.text:UARTMSP432_close)
                  00004ee2    00000092                               : SDSPI.oem4f (.text:sendCmd)
                  00004f74    00000092                               : UARTMSP432.oem4f (.text:writeData)
                  00005006    0000008c                               : UARTMSP432.oem4f (.text:readIsrTextBlocking)
                  00005092    00000002                               : UARTMSP432.oem4f (.text:UARTMSP432_init)
                  00005094    0000008c     fatfs.a : ff.obj (.text:sync_fs)
                  00005120    00000088             : ff.obj (.text:dir_sdi)
                  000051a8    00000086     rtsv7M4_T_le_v4SPD16_eabi.lib : fd_cmp_t2.asm.obj (.text:__aeabi_cdcmple)
                  0000522e    00000086     drivers_msp432p401x.aem4f : SPIMSP432DMA.oem4f (.text:initHw)
                  000052b4    00000084                               : PowerMSP432.oem4f (.text:restartHFXT)
                  00005338    00000080     nortos_msp432p401x.aem4f : ClockPTimer_nortos.oem4f (.text:ClockP_start)
                  000053b8    00000080     msp432p4xx_driverlib.lib : interrupt.o (.text:Interrupt_disableInterrupt)
                  00005438    00000080                              : interrupt.o (.text:Interrupt_enableInterrupt)
                  000054b8    00000080     drivers_msp432p401x.aem4f : SDSPI.oem4f (.text:recvDataBlock)
                  00005538    0000007c     fatfs.a : ff.obj (.text:f_mount)
                  000055b4    0000007c     rtsv7M4_T_le_v4SPD16_eabi.lib : fflush.c.obj (.text:fflush)
                  00005630    0000007a                                   : memset_t2.asm.obj (.text)
                  000056aa    00000002                                   : _lock.c.obj (.text:_nop)
                  000056ac    00000078     nortos_msp432p401x.aem4f : ClockPTimer_nortos.oem4f (.text:ClockP_walkQueueDynamic)
                  00005724    00000078     drivers_msp432p401x.aem4f : SDSPI.oem4f (.text:transmitDataBlock)
                  0000579c    00000074                               : SDSPI.oem4f (.text:SDSPI_open)
                  00005810    00000074     rtsv7M4_T_le_v4SPD16_eabi.lib : fclose.c.obj (.text:__TI_closefile)
                  00005884    00000074     fatfs.a : ff.obj (.text:follow_path)
                  000058f8    00000070     nortos_msp432p401x.aem4f : HwiPMSP432_nortos.oem4f (.text:HwiP_construct)
                  00005968    00000070     drivers_msp432p401x.aem4f : UARTMSP432.oem4f (.text:UARTMSP432_writeCancel)
                  000059d8    00000070     fatfs.a : ff.obj (.text:remove_chain)
                  00005a48    00000070     rtsv7M4_T_le_v4SPD16_eabi.lib : memory.c.obj (.text:split)
                  00005ab8    0000006e     fatfs.a : ff.obj (.text:check_fs)
                  00005b26    00000002     nortos_msp432p401x.aem4f : startup_msp432_ccs.oem4f (.text:busFaultISR)
                  00005b28    0000006d                              : SystemP_nortos.oem4f (.text:formatNum)
                  00005b95    00000001     --HOLE-- [fill = 0]
                  00005b96    00000002                              : SemaphoreP_nortos.oem4f (.text:clkFxn)
                  00005b98    0000006c     rtsv7M4_T_le_v4SPD16_eabi.lib : hostrename.c.obj (.text:HOSTrename)
                  00005c04    0000006c     nortos_msp432p401x.aem4f : TimerPMSP432_nortos.oem4f (.text:TimerP_getCurrentTick)
                  00005c70    00000068     drivers_msp432p401x.aem4f : GPIOMSP432.oem4f (.text:GPIO_hwiIntFxn)
                  00005cd8    00000068     rtsv7M4_T_le_v4SPD16_eabi.lib : hostlseek.c.obj (.text:HOSTlseek)
                  00005d40    00000068     msp432p4xx_driverlib.lib : interrupt.o (.text:Interrupt_pendInterrupt)
                  00005da8    00000068     drivers_msp432p401x.aem4f : PowerMSP432.oem4f (.text:PowerMSP432_getFreqs)
                  00005e10    00000068     nortos_msp432p401x.aem4f : SwiP_nortos.oem4f (.text:SwiP_post)
                  00005e78    00000068     rtsv7M4_T_le_v4SPD16_eabi.lib : copy_decompress_lzss.c.obj (.text:decompress:lzss:__TI_decompress_lzss)
                  00005ee0    00000064     drivers_msp432p401x.aem4f : SPIMSP432DMA.oem4f (.text:SPIMSP432DMA_close)
                  00005f44    00000064     rtsv7M4_T_le_v4SPD16_eabi.lib : fseek.c.obj (.text:fseek)
                  00005fa8    00000064                                   : ftell.c.obj (.text:ftell)
                  0000600c    00000062                                   : _io_perm.c.obj (.text:__TI_wrt_ok)
                  0000606e    00000002     nortos_msp432p401x.aem4f : startup_msp432_ccs.oem4f (.text:defaultISR)
                  00006070    00000060     drivers_msp432p401x.aem4f : GPIOMSP432.oem4f (.text:GPIO_setCallback)
                  000060d0    00000060     rtsv7M4_T_le_v4SPD16_eabi.lib : hostopen.c.obj (.text:HOSTopen)
                  00006130    0000005c     display.aem4f : Display.oem4f (.text:Display_doOpen)
                  0000618c    0000005c     msp432p4xx_driverlib.lib : interrupt.o (.text:Interrupt_registerInterrupt)
                  000061e8    0000005c     rtsv7M4_T_le_v4SPD16_eabi.lib : close.c.obj (.text:close)
                  00006244    0000005a     fatfs.a : ff.obj (.text:dir_read)
                  0000629e    00000002     nortos_msp432p401x.aem4f : startup_msp432_ccs.oem4f (.text:faultISR)
                  000062a0    00000058     drivers_msp432p401x.aem4f : GPIOMSP432.oem4f (.text:GPIO_write)
                  000062f8    00000058     rtsv7M4_T_le_v4SPD16_eabi.lib : hostread.c.obj (.text:HOSTread)
                  00006350    00000058                                   : hostwrite.c.obj (.text:HOSTwrite)
                  000063a8    00000058     msp432p4xx_driverlib.lib : interrupt.o (.text:Interrupt_unpendInterrupt)
                  00006400    00000058     nortos_msp432p401x.aem4f : TimerPMSP432_nortos.oem4f (.text:TimerP_dynamicStub)
                  00006458    00000058     drivers_msp432p401x.aem4f : UARTMSP432.oem4f (.text:readIsrBinaryBlocking)
                  000064b0    00000058                               : SPIMSP432DMA.oem4f (.text:spiHwiFxn)
                  00006508    00000054     msp432p4xx_driverlib.lib : interrupt.o (.text:Interrupt_setPriority)
                  0000655c    00000054     fatfs.a : ff.obj (.text:dir_find)
                  000065b0    00000054     drivers_msp432p401x.aem4f : SDSPI.oem4f (.text:waitUntilReady)
                  00006604    00000052     fatfs.a : ff.obj (.text:dir_clear)
                  00006656    00000002     nortos_msp432p401x.aem4f : startup_msp432_ccs.oem4f (.text:nmiISR)
                  00006658    00000050                              : SemaphoreP_nortos.oem4f (.text:SemaphoreP_construct)
                  000066a8    00000050     drivers_msp432p401x.aem4f : UDMAMSP432.oem4f (.text:UDMAMSP432_hwiFxn)
                  000066f8    0000004c     rtsv7M4_T_le_v4SPD16_eabi.lib : fflush.c.obj (.text:__TI_doflush)
                  00006744    0000004c     drivers_msp432p401x.aem4f : UARTMSP432.oem4f (.text:readIsrBinaryCallback)
                  00006790    0000004a     display.aem4f : DisplayUart.oem4f (.text:DisplayUartMin_open)
                  000067da    0000004a     rtsv7M4_T_le_v4SPD16_eabi.lib : _io_perm.c.obj (.text:__TI_rd_ok)
                  00006824    0000004a     fatfs.a : ff.obj (.text:validate)
                  0000686e    00000002     rtsv7M4_T_le_v4SPD16_eabi.lib : div0.asm.obj (.text)
                  00006870    00000048     nortos_msp432p401x.aem4f : ClockPTimer_nortos.oem4f (.text:ClockP_construct)
                  000068b8    00000048                              : PowerMSP432_nortos.oem4f (.text:PowerMSP432_sleepPolicy)
                  00006900    00000048     drivers_msp432p401x.aem4f : PowerMSP432.oem4f (.text:Power_releaseConstraint)
                  00006948    00000048     rtsv7M4_T_le_v4SPD16_eabi.lib : exit.c.obj (.text:exit)
                  00006990    00000048                                   : fd_toi_t2.asm.obj (.text)
                  000069d8    00000046     display.aem4f : DisplayUart.oem4f (.text:DisplayUartMin_vprintf)
                  00006a1e    00000046     drivers_msp432p401x.aem4f : RingBuf.oem4f (.text:RingBuf_put)
                  00006a64    00000046     fatfs.a : ff.obj (.text:dir_alloc)
                  00006aaa    00000002     --HOLE-- [fill = 0]
                  00006aac    00000044     rtsv7M4_T_le_v4SPD16_eabi.lib : hostclose.c.obj (.text:HOSTclose)
                  00006af0    00000044                                   : hostunlink.c.obj (.text:HOSTunlink)
                  00006b34    00000044     drivers_msp432p401x.aem4f : SDFatFS.oem4f (.text:SDFatFS_init)
                  00006b78    00000044                               : SD.oem4f (.text:SD_init)
                  00006bbc    00000044                               : SPI.oem4f (.text:SPI_init)
                  00006c00    00000044     nortos_msp432p401x.aem4f : SemaphoreP_nortos.oem4f (.text:SemaphoreP_post)
                  00006c44    00000044                              : SwiP_nortos.oem4f (.text:SwiP_restore)
                  00006c88    00000044                              : TimerPMSP432_nortos.oem4f (.text:TimerP_start)
                  00006ccc    00000044     drivers_msp432p401x.aem4f : UART.oem4f (.text:UART_init)
                  00006d10    00000044     rtsv7M4_T_le_v4SPD16_eabi.lib : autoinit.c.obj (.text:__TI_auto_init_nobinit_nopinit:__TI_auto_init_nobinit_nopinit)
                  00006d54    00000044     fatfs.a : ff.obj (.text:get_ldnumber)
                  00006d98    00000044     rtsv7M4_T_le_v4SPD16_eabi.lib : getdevice.c.obj (.text:getdevice)
                  00006ddc    00000044                                   : fd_tou_t2.asm.obj (.text)
                  00006e20    00000044     fatfs.a : ff.obj (.text:sync_window)
                  00006e64    00000040     drivers_msp432p401x.aem4f : RingBuf.oem4f (.text:RingBuf_get)
                  00006ea4    00000040                               : SD.oem4f (.text:SD_open)
                  00006ee4    00000040                               : SPI.oem4f (.text:SPI_open)
                  00006f24    00000040     nortos_msp432p401x.aem4f : TimerPMSP432_nortos.oem4f (.text:TimerP_setNextTick)
                  00006f64    00000040     drivers_msp432p401x.aem4f : UARTMSP432.oem4f (.text:UARTMSP432_read)
                  00006fa4    00000040                               : UART.oem4f (.text:UART_open)
                  00006fe4    00000040     msp432p4xx_driverlib.lib : spi.o (.text:is_A_Module)
                  00007024    00000040     drivers_msp432p401x.aem4f : UARTMSP432.oem4f (.text:perfChangeNotifyFxn)
                  00007064    00000040     rtsv7M4_T_le_v4SPD16_eabi.lib : u_divt2.asm.obj (.text)
                  000070a4    0000003c     drivers_msp432p401x.aem4f : SDFatFS.oem4f (.text:SDFatFS_diskIOctrl)
                  000070e0    0000003c     nortos_msp432p401x.aem4f : TimerPMSP432_nortos.oem4f (.text:TimerP_initDevice)
                  0000711c    0000003a     fatfs.a : ff.obj (.text:dir_register)
                  00007156    00000002     --HOLE-- [fill = 0]
                  00007158    00000038     drivers_msp432p401x.aem4f : PowerMSP432.oem4f (.text:Power_setConstraint)
                  00007190    00000038                               : SDFatFS.oem4f (.text:SDFatFS_close)
                  000071c8    00000038     rtsv7M4_T_le_v4SPD16_eabi.lib : trgmsg.c.obj (.text:__TI_writemsg)
                  00007200    00000038     drivers_msp432p401x.aem4f : PowerMSP432.oem4f (.text:notify)
                  00007238    00000036                               : UARTMSP432.oem4f (.text:UARTMSP432_readCancel)
                  0000726e    00000036     fatfs.a : ff.obj (.text:move_window)
                  000072a4    00000036     rtsv7M4_T_le_v4SPD16_eabi.lib : strncpy.c.obj (.text:strncpy)
                  000072da    00000002     --HOLE-- [fill = 0]
                  000072dc    00000034                                   : fopen.c.obj (.text:__TI_cleanup)
                  00007310    00000034                                   : trgmsg.c.obj (.text:__TI_readmsg)
                  00007344    00000034                                   : boot_cortex_m.c.obj (.text:_c_int00_noargs:_c_int00_noargs)
                  00007378    00000034     fatfs.a : ff.obj (.text:dbc_2nd)
                  000073ac    00000034             : ffcio.obj (.text:ffcio_lseek)
                  000073e0    00000030     rtsv7M4_T_le_v4SPD16_eabi.lib : getdevice.c.obj (.text:finddevice)
                  00007410    00000030     drivers_msp432p401x.aem4f : SPIMSP432DMA.oem4f (.text:mapPin)
                  00007440    00000030                               : UARTMSP432.oem4f (.text:mapPin)
                  00007470    0000002e     rtsv7M4_T_le_v4SPD16_eabi.lib : i_tofd_t2.asm.obj (.text)
                  0000749e    00000002     --HOLE-- [fill = 0]
                  000074a0    0000002c     drivers_msp432p401x.aem4f : SDFatFS.oem4f (.text:SDFatFS_diskRead)
                  000074cc    0000002c                               : SDFatFS.oem4f (.text:SDFatFS_diskWrite)
                  000074f8    0000002c     fatfs.a : diskio.obj (.text:disk_register)
                  00007524    0000002c     rtsv7M4_T_le_v4SPD16_eabi.lib : fclose.c.obj (.text:fclose)
                  00007550    0000002c                                   : unlink.c.obj (.text:unlink)
                  0000757c    0000002a     display.aem4f : Display.oem4f (.text:Display_doPrintf)
                  000075a6    0000002a     nortos_msp432p401x.aem4f : HwiPMSP432_nortos.oem4f (.text:HwiP_create)
                  000075d0    0000002a     drivers_msp432p401x.aem4f : SPIMSP432DMA.oem4f (.text:perfChangeNotifyFxn)
                  000075fa    00000002     --HOLE-- [fill = 0]
                  000075fc    00000028     nortos_msp432p401x.aem4f : ClockPTimer_nortos.oem4f (.text:ClockP_getSystemTicks)
                  00007624    00000028     display.aem4f : Display.oem4f (.text:Display_doInit)
                  0000764c    00000028     drivers_msp432p401x.aem4f : PowerMSP432.oem4f (.text:Power_registerNotify)
                  00007674    00000028     msp432p4xx_driverlib.lib : spi.o (.text:SPI_getInterruptStatus)
                  0000769c    00000028     fatfs.a : ff.obj (.text:dbc_1st)
                  000076c4    00000028     drivers_msp432p401x.aem4f : PowerMSP432.oem4f (.text:disableFaultCounter)
                  000076ec    00000028                               : PowerMSP432.oem4f (.text:disableHFXT)
                  00007714    00000028     fatfs.a : diskio.obj (.text:disk_unregister)
                  0000773c    00000028     drivers_msp432p401x.aem4f : UARTMSP432.oem4f (.text:findBaudDividerIndex)
                  00007764    00000028     rtsv7M4_T_le_v4SPD16_eabi.lib : memory.c.obj (.text:free_list_insert)
                  0000778c    00000028     fatfs.a : ff.obj (.text:ld_clust)
                  000077b4    00000028     rtsv7M4_T_le_v4SPD16_eabi.lib : lseek.c.obj (.text:lseek)
                  000077dc    00000028                                   : read.c.obj (.text:read)
                  00007804    00000028                                   : write.c.obj (.text:write)
                  0000782c    00000026     drivers_msp432p401x.aem4f : List.oem4f (.text:List_put)
                  00007852    00000026                               : List.oem4f (.text:List_remove)
                  00007878    00000026     fatfs.a : ff.obj (.text:f_close)
                  0000789e    00000002     --HOLE-- [fill = 0]
                  000078a0    00000024     nortos_msp432p401x.aem4f : ClockPTimer_nortos.oem4f (.text:ClockP_getTicks)
                  000078c4    00000024                              : ClockPTimer_nortos.oem4f (.text:ClockP_scheduleNextTick)
                  000078e8    00000024                              : HwiPMSP432_nortos.oem4f (.text:HwiP_dispatch)
                  0000790c    00000024     drivers_msp432p401x.aem4f : SDFatFS.oem4f (.text:SDFatFS_diskInitialize)
                  00007930    00000024                               : SDSPI.oem4f (.text:SDSPI_close)
                  00007954    00000024     fatfs.a : diskio.obj (.text:disk_ioctl)
                  00007978    00000024             : diskio.obj (.text:disk_read)
                  0000799c    00000024             : ff.obj (.text:st_clust)
                  000079c0    00000022             : ff.obj (.text:mem_cmp)
                  000079e2    00000002     --HOLE-- [fill = 0]
                  000079e4    00000020     msp432p4xx_driverlib.lib : cs.o (.text:CS_setExternalClockSourceFrequency)
                  00007a04    00000020     nortos_msp432p401x.aem4f : ClockPTimer_nortos.oem4f (.text:ClockP_add)
                  00007a24    00000020     drivers_msp432p401x.aem4f : PowerMSP432.oem4f (.text:Power_unregisterNotify)
                  00007a44    00000020     nortos_msp432p401x.aem4f : QueueP_nortos.oem4f (.text:QueueP_put)
                  00007a64    00000020     drivers_msp432p401x.aem4f : RingBuf.oem4f (.text:RingBuf_peek)
                  00007a84    00000020     fatfs.a : diskio.obj (.text:disk_write)
                  00007aa4    00000020             : ffcio.obj (.text:ffcio_close)
                  00007ac4    00000020             : ffcio.obj (.text:ffcio_read)
                  00007ae4    00000020             : ffcio.obj (.text:ffcio_write)
                  00007b04    00000020     rtsv7M4_T_le_v4SPD16_eabi.lib : memchr.c.obj (.text:memchr)
                  00007b24    00000020     drivers_msp432p401x.aem4f : SDSPI.oem4f (.text:spiTransfer)
                  00007b44    0000001c     msp432p4xx_driverlib.lib : interrupt.o (.text:Interrupt_unregisterInterrupt)
                  00007b60    0000001c     nortos_msp432p401x.aem4f : SwiP_nortos.oem4f (.text:SwiP_disable)
                  00007b7c    0000001c     fatfs.a : ff.obj (.text:dir_remove)
                  00007b98    0000001c             : diskio.obj (.text:disk_initialize)
                  00007bb4    0000001c             : diskio.obj (.text:disk_status)
                  00007bd0    0000001c     ti_drivers_config.obj (.text:dmaErrorFxn)
                  00007bec    0000001c     rtsv7M4_T_le_v4SPD16_eabi.lib : memory.c.obj (.text:free_list_remove)
                  00007c08    0000001a     nortos_msp432p401x.aem4f : ClockPTimer_nortos.oem4f (.text:ClockP_create)
                  00007c22    0000001a                              : QueueP_nortos.oem4f (.text:QueueP_get)
                  00007c3c    0000001a                              : SemaphoreP_nortos.oem4f (.text:SemaphoreP_createBinary)
                  00007c56    00000018                              : ClockPTimer_nortos.oem4f (.text:ClockP_destruct)
                  00007c6e    00000018     msp432p4xx_driverlib.lib : spi.o (.text:EUSCI_A_SPI_getInterruptStatus)
                  00007c86    00000018                              : spi.o (.text:EUSCI_B_SPI_getInterruptStatus)
                  00007c9e    00000018     nortos_msp432p401x.aem4f : HwiPMSP432_nortos.oem4f (.text:HwiP_delete)
                  00007cb6    00000002     --HOLE-- [fill = 0]
                  00007cb8    00000018                              : HwiPMSP432_nortos.oem4f (.text:HwiP_inISR)
                  00007cd0    00000018     msp432p4xx_driverlib.lib : sysctl_a.o (.text:SysCtl_A_disableNMISource)
                  00007ce8    00000018                              : sysctl_a.o (.text:SysCtl_A_enableNMISource)
                  00007d00    00000018     drivers_msp432p401x.aem4f : UART.oem4f (.text:UART_Params_init)
                  00007d18    00000018     fatfs.a : ff.obj (.text:clst2sect)
                  00007d30    00000018             : ffsystem.obj (.text:ff_cre_syncobj)
                  00007d48    00000018     nortos_msp432p401x.aem4f : startup_msp432_ccs.oem4f (.text:resetISR)
                  00007d60    00000018     rtsv7M4_T_le_v4SPD16_eabi.lib : strcmp.c.obj (.text:strcmp)
                  00007d78    00000016     display.aem4f : DisplayUart.oem4f (.text:DisplayUartMin_close)
                  00007d8e    00000016     nortos_msp432p401x.aem4f : SemaphoreP_nortos.oem4f (.text:SemaphoreP_create)
                  00007da4    00000016     fatfs.a : ff.obj (.text:ld_dword)
                  00007dba    00000016     nortos_msp432p401x.aem4f : SwiP_nortos.oem4f (.text:maxbit)
                  00007dd0    00000016     fatfs.a : ff.obj (.text:mem_cpy)
                  00007de6    00000016     nortos_msp432p401x.aem4f : SystemP_nortos.oem4f (.text:putChar)
                  00007dfc    00000016     fatfs.a : ff.obj (.text:st_dword)
                  00007e12    00000016     rtsv7M4_T_le_v4SPD16_eabi.lib : strchr.c.obj (.text:strchr)
                  00007e28    00000016     fatfs.a : ff.obj (.text:unlock_fs)
                  00007e3e    00000002     --HOLE-- [fill = 0]
                  00007e40    00000014     drivers_msp432p401x.aem4f : PowerMSP432.oem4f (.text:Power_idleFunc)
                  00007e54    00000014                               : SPI.oem4f (.text:SPI_Params_init)
                  00007e68    00000014     nortos_msp432p401x.aem4f : SwiP_nortos.oem4f (.text:SwiP_handleHwi)
                  00007e7c    00000014                              : TimerPMSP432_nortos.oem4f (.text:TimerP_getCount)
                  00007e90    00000014     drivers_msp432p401x.aem4f : UARTMSP432.oem4f (.text:clearTXCPTIFG)
                  00007ea4    00000014     fatfs.a : ffsystem.obj (.text:ff_req_grant)
                  00007eb8    00000014     rtsv7M4_T_le_v4SPD16_eabi.lib : strcpy.c.obj (.text:strcpy)
                  00007ecc    00000014                                   : strlen.c.obj (.text:strlen)
                  00007ee0    00000012     nortos_msp432p401x.aem4f : HwiPMSP432_nortos.oem4f (.text:HwiP_Params_init)
                  00007ef2    00000012     drivers_msp432p401x.aem4f : RingBuf.oem4f (.text:RingBuf_construct)
                  00007f04    00000012     fatfs.a : ff.obj (.text:chk_chr)
                  00007f16    00000012             : ffcio.obj (.text:ffcio_rename)
                  00007f28    00000012             : ffcio.obj (.text:ffcio_unlink)
                  00007f3a    00000012     main_nortos.obj (.text:main)
                  00007f4c    00000012     fatfs.a : ff.obj (.text:mem_set)
                  00007f5e    00000002     --HOLE-- [fill = 0]
                  00007f60    00000010     nortos_msp432p401x.aem4f : ClockPTimer_nortos.oem4f (.text:ClockP_Params_init)
                  00007f70    00000010                              : ClockPTimer_nortos.oem4f (.text:ClockP_delete)
                  00007f80    00000010                              : HwiPMSP432_nortos.oem4f (.text:HwiP_disable)
                  00007f90    00000010     msp432p4xx_driverlib.lib : interrupt.o (.text:Interrupt_disableMaster)
                  00007fa0    00000010                              : interrupt.o (.text:Interrupt_enableMaster)
                  00007fb0    00000010     drivers_msp432p401x.aem4f : PowerMSP432.oem4f (.text:PowerMSP432_getNumPerfLevels)
                  00007fc0    00000010                               : PowerMSP432.oem4f (.text:Power_disablePolicy)
                  00007fd0    00000010                               : PowerMSP432.oem4f (.text:Power_enablePolicy)
                  00007fe0    00000010                               : SDFatFS.oem4f (.text:SDFatFS_diskStatus)
                  00007ff0    00000010     nortos_msp432p401x.aem4f : SemaphoreP_nortos.oem4f (.text:SemaphoreP_Params_init)
                  00008000    00000010                              : SwiP_nortos.oem4f (.text:SwiP_Params_init)
                  00008010    00000010     msp432p4xx_driverlib.lib : sysctl_a.o (.text:SysCtl_A_getNMISourceStatus)
                  00008020    00000010                              : sysctl.o (.text:SysCtl_getNMISourceStatus)
                  00008030    00000010     nortos_msp432p401x.aem4f : TimerPMSP432_nortos.oem4f (.text:TimerP_Params_init)
                  00008040    00000010     drivers_msp432p401x.aem4f : UARTMSP432.oem4f (.text:readBlockingTimeout)
                  00008050    0000000e     nortos_msp432p401x.aem4f : QueueP_nortos.oem4f (.text:QueueP_empty)
                  0000805e    0000000e                              : QueueP_nortos.oem4f (.text:QueueP_remove)
                  0000806c    0000000e     rtsv7M4_T_le_v4SPD16_eabi.lib : copy_decompress_none.c.obj (.text:decompress:none:__TI_decompress_none)
                  0000807a    0000000c     ti_drivers_config.obj (.text:Board_init)
                  00008086    0000000c     msp432p4xx_driverlib.lib : cpu.o (.text:CPU_cpsid)
                  00008092    0000000c                              : cpu.o (.text:CPU_cpsie)
                  0000809e    00000002     --HOLE-- [fill = 0]
                  000080a0    0000000c     nortos_msp432p401x.aem4f : ClockPTimer_nortos.oem4f (.text:ClockP_doTick)
                  000080ac    0000000c                              : ClockPTimer_nortos.oem4f (.text:ClockP_getSystemTickPeriod)
                  000080b8    0000000c     drivers_msp432p401x.aem4f : PowerMSP432.oem4f (.text:Power_getConstraintMask)
                  000080c4    0000000c                               : PowerMSP432.oem4f (.text:Power_getPerformanceLevel)
                  000080d0    0000000c                               : SDSPI.oem4f (.text:SDSPI_init)
                  000080dc    0000000c     nortos_msp432p401x.aem4f : TimerPMSP432_nortos.oem4f (.text:TimerP_getFreq)
                  000080e8    0000000c                              : TimerPMSP432_nortos.oem4f (.text:TimerP_getMaxTicks)
                  000080f4    0000000c     rtsv7M4_T_le_v4SPD16_eabi.lib : copy_zero_init.c.obj (.text:decompress:ZI:__TI_zero_init)
                  00008100    0000000c     fatfs.a : ff.obj (.text:ld_word)
                  0000810c    0000000a     drivers_msp432p401x.aem4f : SD.oem4f (.text:SD_close)
                  00008116    0000000a                               : SD.oem4f (.text:SD_getNumSectors)
                  00008120    0000000a                               : SD.oem4f (.text:SD_getSectorSize)
                  0000812a    0000000a                               : SD.oem4f (.text:SD_initialize)
                  00008134    0000000a                               : SD.oem4f (.text:SD_read)
                  0000813e    0000000a                               : SD.oem4f (.text:SD_write)
                  00008148    0000000a                               : SPI.oem4f (.text:SPI_close)
                  00008152    0000000a                               : SPI.oem4f (.text:SPI_transfer)
                  0000815c    0000000a                               : UART.oem4f (.text:UART_close)
                  00008166    0000000a                               : UART.oem4f (.text:UART_control)
                  00008170    0000000a                               : UART.oem4f (.text:UART_write)
                  0000817a    0000000a     fatfs.a : ffsystem.obj (.text:ff_del_syncobj)
                  00008184    0000000a             : ff.obj (.text:st_word)
                  0000818e    00000008     nortos_msp432p401x.aem4f : HwiPMSP432_nortos.oem4f (.text:HwiP_restore)
                  00008196    00000002     --HOLE-- [fill = 0]
                  00008198    00000008     rtsv7M4_T_le_v4SPD16_eabi.lib : errno.c.obj (.text:__aeabi_errno_addr)
                  000081a0    00000008     drivers_msp432p401x.aem4f : SPIMSP432DMA.oem4f (.text:blockingTransferCallback)
                  000081a8    00000008     fatsd_nortos.obj (.text:fatfs_getFatTime)
                  000081b0    00000008     rtsv7M4_T_le_v4SPD16_eabi.lib : memory.c.obj (.text:malloc)
                  000081b8    00000008     drivers_msp432p401x.aem4f : UARTMSP432.oem4f (.text:readSemCallback)
                  000081c0    00000008     rtsv7M4_T_le_v4SPD16_eabi.lib : rewind.c.obj (.text:rewind)
                  000081c8    00000008     drivers_msp432p401x.aem4f : UARTMSP432.oem4f (.text:txcptEnabledStatus)
                  000081d0    00000008                               : UARTMSP432.oem4f (.text:writeSemCallback)
                  000081d8    00000006     nortos_msp432p401x.aem4f : ClockPTimer_nortos.oem4f (.text:ClockP_stop)
                  000081de    00000006     display.aem4f : DisplayUart.oem4f (.text:DisplayUartMin_control)
                  000081e4    00000006                   : DisplayUart.oem4f (.text:DisplayUartMin_getType)
                  000081ea    00000006     nortos_msp432p401x.aem4f : QueueP_nortos.oem4f (.text:QueueP_init)
                  000081f0    00000006     drivers_msp432p401x.aem4f : SDSPI.oem4f (.text:SDSPI_control)
                  000081f6    00000006                               : SDSPI.oem4f (.text:SDSPI_getSectorSize)
                  000081fc    00000006                               : SPIMSP432DMA.oem4f (.text:SPIMSP432DMA_control)
                  00008202    00000006     fatfs.a : ff.obj (.text:lock_fs)
                  00008208    00000004     nortos_msp432p401x.aem4f : ClockPTimer_nortos.oem4f (.text:ClockP_isActive)
                  0000820c    00000004                              : ClockPTimer_nortos.oem4f (.text:ClockP_setTimeout)
                  00008210    00000004                              : HwiPMSP432_nortos.oem4f (.text:HwiP_clearInterrupt)
                  00008214    00000004                              : HwiPMSP432_nortos.oem4f (.text:HwiP_disableInterrupt)
                  00008218    00000004                              : HwiPMSP432_nortos.oem4f (.text:HwiP_enable)
                  0000821c    00000004                              : HwiPMSP432_nortos.oem4f (.text:HwiP_enableInterrupt)
                  00008220    00000004                              : HwiPMSP432_nortos.oem4f (.text:HwiP_post)
                  00008224    00000004                              : QueueP_nortos.oem4f (.text:QueueP_head)
                  00008228    00000004                              : QueueP_nortos.oem4f (.text:QueueP_next)
                  0000822c    00000004     drivers_msp432p401x.aem4f : SPIMSP432DMA.oem4f (.text:SPIMSP432DMA_init)
                  00008230    00000004     nortos_msp432p401x.aem4f : SemaphoreP_nortos.oem4f (.text:SemaphoreP_delete)
                  00008234    00000004                              : SystemP_nortos.oem4f (.text:SystemP_vsnprintf)
                  00008238    00000004                              : TimerPMSP432_nortos.oem4f (.text:TimerP_setPeriod)
                  0000823c    00000004     rtsv7M4_T_le_v4SPD16_eabi.lib : pre_init.c.obj (.text:_system_pre_init)
                  00008240    00000004                                   : exit.c.obj (.text:abort:abort)
                  00008244    00000004     fatfs.a : diskio.obj (.text:get_fattime)

.const     0    00008248    0000050c     
                  00008248    00000207     fatsd_nortos.obj (.const:.string:textarray)
                  0000844f    00000001     display.aem4f : Display.oem4f (.const:Display_defaultParams)
                  00008450    00000050     msp432p4xx_driverlib.lib : interrupt.o (.const:g_pulRegs)
                  000084a0    00000040     ti_drivers_config.obj (.const:uartMSP432Baudrates)
                  000084e0    00000038     ti_drivers_config.obj (.const:PowerMSP432_config)
                  00008518    0000002c     ti_drivers_config.obj (.const:uartMSP432HWAttrs)
                  00008544    00000028     drivers_msp432p401x.aem4f : UARTMSP432.oem4f (.const:UARTMSP432_fxnTable)
                  0000856c    00000024                               : SDSPI.oem4f (.const:SDSPI_fxnTable)
                  00008590    00000024                               : UART.oem4f (.const:UART_defaultParams)
                  000085b4    00000024     ti_drivers_config.obj (.const:spiMSP432DMAHWAttrs)
                  000085d8    00000020     display.aem4f : DisplayUart.oem4f (.const:DisplayUartMin_fxnTable)
                  000085f8    00000020     drivers_msp432p401x.aem4f : SPI.oem4f (.const:SPI_defaultParams)
                  00008618    00000020                               : UARTMSP432.oem4f (.const:staticFxnTable)
                  00008638    00000018                               : SPIMSP432DMA.oem4f (.const:SPIMSP432DMA_fxnTable)
                  00008650    00000014     ti_drivers_config.obj (.const:GPIOMSP432_config)
                  00008664    00000014     ti_drivers_config.obj (.const:displayUartHWAttrs)
                  00008678    00000011     fatsd_nortos.obj (.const:.string:outputfile)
                  00008689    00000010     fatsd_nortos.obj (.const:.string:inputfile)
                  00008699    00000002     drivers_msp432p401x.aem4f : SDSPI.oem4f (.const:.string:$P$T1$2)
                  0000869b    00000001     --HOLE-- [fill = 0]
                  0000869c    00000010     nortos_msp432p401x.aem4f : SwiP_nortos.oem4f (.const:SwiP_defaultParams)
                  000086ac    0000000c     ti_drivers_config.obj (.const:Display_config)
                  000086b8    0000000c     ti_drivers_config.obj (.const:SD_config)
                  000086c4    0000000c     ti_drivers_config.obj (.const:SPI_config)
                  000086d0    0000000c     ti_drivers_config.obj (.const:UART_config)
                  000086dc    0000000c     ti_drivers_config.obj (.const:udmaMSP432HWAttrs)
                  000086e8    0000000a     drivers_msp432p401x.aem4f : SDSPI.oem4f (.const:.string:$P$T0$1)
                  000086f2    0000000a     fatfs.a : ff.obj (.const:.string:DbcTbl)
                  000086fc    00000008     ti_drivers_config.obj (.const:UDMAMSP432_config)
                  00008704    00000008     drivers_msp432p401x.aem4f : SPIMSP432DMA.oem4f (.const:frameFormat)
                  0000870c    00000008     msp432p4xx_driverlib.lib : interrupt.o (.const:g_pulDisRegs)
                  00008714    00000008                              : interrupt.o (.const:g_pulEnRegs)
                  0000871c    00000008                              : interrupt.o (.const:g_pulPendRegs)
                  00008724    00000008                              : interrupt.o (.const:g_pulUnpendRegs)
                  0000872c    00000006     drivers_msp432p401x.aem4f : GPIOMSP432.oem4f (.const:.string:interruptType)
                  00008732    00000006                               : GPIOMSP432.oem4f (.const:.string:portInterruptIds)
                  00008738    00000005                               : UARTMSP432.oem4f (.const:.string:parityTypes)
                  0000873d    00000005     ti_drivers_config.obj (.const)
                  00008742    00000002     drivers_msp432p401x.aem4f : SDSPI.oem4f (.const:.string:$P$T2$3)
                  00008744    00000004     ti_drivers_config.obj (.const:SDFatFS_config)
                  00008748    00000004     drivers_msp432p401x.aem4f : SD.oem4f (.const:SD_defaultParams)
                  0000874c    00000004     ti_drivers_config.obj (.const:sdspiHWAttrs)
                  00008750    00000004     drivers_msp432p401x.aem4f : UARTMSP432.oem4f (.const:stopBits)

.cinit     0    00008758    00000120     
                  00008758    000000ea     (.cinit..data.load) [load image, compression = lzss]
                  00008842    00000002     --HOLE-- [fill = 0]
                  00008844    0000000c     (__TI_handler_table)
                  00008850    00000008     (.cinit..bss.load) [load image, compression = zero_init]
                  00008858    00000008     (.cinit..vtable.load) [load image, compression = zero_init]
                  00008860    00000018     (__TI_cinit_table)

.init_array 
*          0    00000000    00000000     UNINITIALIZED

.intvecs   0    00000000    00000144     
                  00000000    00000144     nortos_msp432p401x.aem4f : startup_msp432_ccs.oem4f (.intvecs:retain)

.sysmem    0    20000000    00008000     UNINITIALIZED
                  20000000    00000010     rtsv7M4_T_le_v4SPD16_eabi.lib : memory.c.obj (.sysmem)
                  20000010    00007ff0     --HOLE--

.bss       0    20008000    000013fc     UNINITIALIZED
                  20008000    00000804     (.common:cpy_buff)
                  20008804    00000400     ti_drivers_config.obj (.bss:displayUARTBuffer)
                  20008c04    00000240     (.common:sdfatfsObjects)
                  20008e44    00000120     rtsv7M4_T_le_v4SPD16_eabi.lib : trgmsg.c.obj (.bss:_CIOBUF_)
                  20008f64    00000080     (.common:uartMSP432Objects)
                  20008fe4    0000001c     nortos_msp432p401x.aem4f : SwiP_nortos.oem4f (.bss:SwiP_hwiStruct)
                  20009000    00000100     ti_drivers_config.obj (.bss:dmaControlTable)
                  20009100    000000a0     nortos_msp432p401x.aem4f : ClockPTimer_nortos.oem4f (.bss:ClockP_module)
                  200091a0    000000a0     (.common:__TI_tmpnams)
                  20009240    00000048     (.common:spiMSP432DMAObjects)
                  20009288    00000030     drivers_msp432p401x.aem4f : GPIOMSP432.oem4f (.bss:gpioCallbackInfo)
                  200092b8    00000028     fatfs.a : ffcio.obj (.bss:filTable)
                  200092e0    00000020     nortos_msp432p401x.aem4f : SwiP_nortos.oem4f (.bss:SwiP_readyList)
                  20009300    00000020     drivers_msp432p401x.aem4f : UDMAMSP432.oem4f (.bss:hwiFxnArgs)
                  20009320    00000020                               : UDMAMSP432.oem4f (.bss:hwiFxnHandlers)
                  20009340    00000020     ti_drivers_config.obj (.bss:uartMSP432RingBuffer0)
                  20009360    0000001c     nortos_msp432p401x.aem4f : TimerPMSP432_nortos.oem4f (.bss:TimerP_hwiStruct)
                  2000937c    00000010     fatfs.a : ff.obj (.bss:FatFs)
                  2000938c    00000010     drivers_msp432p401x.aem4f : UDMAMSP432.oem4f (.bss:hwiHandles)
                  2000939c    00000010                               : SDFatFS.oem4f (.bss:sdFatFSHandles)
                  200093ac    0000000d     nortos_msp432p401x.aem4f : SwiP_nortos.oem4f (.bss)
                  200093b9    00000001     (.common:udmaMSP432Object)
                  200093ba    00000002     fatfs.a : ff.obj (.bss)
                  200093bc    0000000c     (.common:displayUartObject)
                  200093c8    0000000c     (.common:sdspiObjects)
                  200093d4    00000008     msp432p4xx_driverlib.lib : cs.o (.bss)
                  200093dc    00000008     nortos_msp432p401x.aem4f : ClockPTimer_nortos.oem4f (.bss:timerFreq)
                  200093e4    00000008     (.common:parmbuf)
                  200093ec    00000004     drivers_msp432p401x.aem4f : GPIOMSP432.oem4f (.bss)
                  200093f0    00000004     fatsd_nortos.obj (.bss)
                  200093f4    00000004     nortos_msp432p401x.aem4f : ClockPTimer_nortos.oem4f (.bss)
                  200093f8    00000004                              : TimerPMSP432_nortos.oem4f (.bss)

.data      0    200093fc    00000553     UNINITIALIZED
                  200093fc    00000140     nortos_msp432p401x.aem4f : HwiPMSP432_nortos.oem4f (.data:HwiP_dispatchTable)
                  2000953c    00000140     drivers_msp432p401x.aem4f : PowerMSP432.oem4f (.data:PowerMSP432_perfLevels)
                  2000967c    000000f0     rtsv7M4_T_le_v4SPD16_eabi.lib : defs.c.obj (.data:_ftable)
                  2000976c    00000078                                   : host_device.c.obj (.data:_device)
                  200097e4    00000050                                   : host_device.c.obj (.data:_stream)
                  20009834    00000050     fatfs.a : diskio.obj (.data:drive_fxn_table)
                  20009884    0000002c     drivers_msp432p401x.aem4f : PowerMSP432.oem4f (.data:PowerMSP432_module)
                  200098b0    00000010                               : UDMAMSP432.oem4f (.data)
                  200098c0    00000010     rtsv7M4_T_le_v4SPD16_eabi.lib : defs.c.obj (.data)
                  200098d0    0000000c                                   : exit.c.obj (.data:$O1$$)
                  200098dc    0000000c     nortos_msp432p401x.aem4f : ClockPTimer_nortos.oem4f (.data:ClockP_defaultParams)
                  200098e8    0000000c                              : TimerPMSP432_nortos.oem4f (.data:TimerP_defaultParams)
                  200098f4    00000008     rtsv7M4_T_le_v4SPD16_eabi.lib : _lock.c.obj (.data:$O1$$)
                  200098fc    00000008                                   : memory.c.obj (.data:$O1$$)
                  20009904    00000008     nortos_msp432p401x.aem4f : SemaphoreP_nortos.oem4f (.data:SemaphoreP_defaultParams)
                  2000990c    00000008     ti_drivers_config.obj (.data:gpioCallbackFunctions)
                  20009914    00000008     ti_drivers_config.obj (.data:gpioPinConfigs)
                  2000991c    00000008     nortos_msp432p401x.aem4f : ClockPTimer_nortos.oem4f (.data)
                  20009924    00000008                              : HwiPMSP432_nortos.oem4f (.data)
                  2000992c    00000004     fatfs.a : ffcio.obj (.data)
                  20009930    00000004     fatsd_nortos.obj (.data:fatfsPrefix)
                  20009934    00000004     rtsv7M4_T_le_v4SPD16_eabi.lib : add_device.c.obj (.data)
                  20009938    00000004                                   : errno.c.obj (.data)
                  2000993c    00000004                                   : fopen.c.obj (.data)
                  20009940    00000004                                   : open.c.obj (.data)
                  20009944    00000003     nortos_msp432p401x.aem4f : SemaphoreP_nortos.oem4f (.data)
                  20009947    00000002     drivers_msp432p401x.aem4f : GPIOMSP432.oem4f (.data)
                  20009949    00000001                               : SD.oem4f (.data)
                  2000994a    00000001                               : SDFatFS.oem4f (.data)
                  2000994b    00000001                               : SPI.oem4f (.data)
                  2000994c    00000001                               : UART.oem4f (.data)
                  2000994d    00000001     nortos_msp432p401x.aem4f : SwiP_nortos.oem4f (.data)
                  2000994e    00000001                              : TimerPMSP432_nortos.oem4f (.data)

.vtable    0    20009c00    000000e8     UNINITIALIZED
                  20009c00    000000e8     msp432p4xx_driverlib.lib : interrupt.o (.vtable)

.stack     0    2000f000    00001000     UNINITIALIZED
                  2000f000    00000004     rtsv7M4_T_le_v4SPD16_eabi.lib : boot_cortex_m.c.obj (.stack)
                  2000f004    00000ffc     --HOLE--

__llvm_prf_cnts 
*          0    20000000    00000000     UNINITIALIZED

.binit     0    00000000    00000000     

MODULE SUMMARY

       Module                       code    ro data   rw data
       ------                       ----    -------   -------
    .\
       fatsd_nortos.obj             1264    552       4120   
       main_nortos.obj              18      0         0      
    +--+----------------------------+-------+---------+---------+
       Total:                       1282    552       4120   
                                                             
    .\syscfg\
       ti_drivers_config.obj        42      321       4258   
    +--+----------------------------+-------+---------+---------+
       Total:                       42      321       4258   
                                                             
    C:/ti/simplelink_msp432p4_sdk_3_40_01_02/kernel/nortos/lib/nortos_msp432p401x.aem4f
       ClockPTimer_nortos.oem4f     936     0         384    
       HwiPMSP432_nortos.oem4f      300     0         656    
       SystemP_nortos.oem4f         863     0         0      
       SwiP_nortos.oem4f            630     16        148    
       TimerPMSP432_nortos.oem4f    676     0         90     
       SemaphoreP_nortos.oem4f      378     0         22     
       startup_msp432_ccs.oem4f     32      324       0      
       QueueP_nortos.oem4f          100     0         0      
       PowerMSP432_nortos.oem4f     76      0         0      
    +--+----------------------------+-------+---------+---------+
       Total:                       3991    340       1300   
                                                             
    C:/ti/simplelink_msp432p4_sdk_3_40_01_02/source/third_party/fatfs/lib/ccs/m4f/fatfs.a
       ff.obj                       5633    10        36     
       ffcio.obj                    352     0         88     
       diskio.obj                   248     0         160    
       ffsystem.obj                 54      0         0      
    +--+----------------------------+-------+---------+---------+
       Total:                       6287    10        284    
                                                             
    C:/ti/simplelink_msp432p4_sdk_3_40_01_02/source/ti/devices/msp432p4xx/driverlib/ccs/msp432p4xx_driverlib.lib
       interrupt.o                  686     112       464    
       cs.o                         704     0         16     
       spi.o                        328     0         0      
       uart.o                       284     0         0      
       dma.o                        240     0         0      
       sysctl_a.o                   64      0         0      
       cpu.o                        24      0         0      
       sysctl.o                     16      0         0      
    +--+----------------------------+-------+---------+---------+
       Total:                       2346    112       480    
                                                             
    C:/ti/simplelink_msp432p4_sdk_3_40_01_02/source/ti/display/lib/display.aem4f
       DisplayUart.oem4f            184     32        0      
       Display.oem4f                174     1         0      
    +--+----------------------------+-------+---------+---------+
       Total:                       358     33        0      
                                                             
    C:/ti/simplelink_msp432p4_sdk_3_40_01_02/source/ti/drivers/lib/drivers_msp432p401x.aem4f
       UARTMSP432.oem4f             3406    81        0      
       PowerMSP432.oem4f            2228    0         728    
       SPIMSP432DMA.oem4f           1894    32        0      
       SDSPI.oem4f                  1706    50        0      
       UDMAMSP432.oem4f             900     0         192    
       GPIOMSP432.oem4f             828     12        108    
       SDFatFS.oem4f                532     0         34     
       UART.oem4f                   186     36        2      
       SPI.oem4f                    172     32        2      
       SD.oem4f                     192     4         2      
       RingBuf.oem4f                184     0         0      
       List.oem4f                   76      0         0      
    +--+----------------------------+-------+---------+---------+
       Total:                       12304   247       1068   
                                                             
    C:\ti\ccs1011\ccs\tools\compiler\ti-cgt-arm_20.2.1.LTS\lib\rtsv7M4_T_le_v4SPD16_eabi.lib
       defs.c.obj                   0       0         832    
       memory.c.obj                 680     0         16     
       trgmsg.c.obj                 108     0         576    
       fopen.c.obj                  476     0         8      
       fd_add_t2.asm.obj            438     0         0      
       host_device.c.obj            0       0         400    
       fwrite.c.obj                 384     0         0      
       fd_mul_t2.asm.obj            252     0         0      
       fread.c.obj                  248     0         0      
       setvbuf.c.obj                220     0         0      
       fflush.c.obj                 200     0         0      
       open.c.obj                   188     0         8      
       add_device.c.obj             184     0         8      
       _io_perm.c.obj               172     0         0      
       fclose.c.obj                 160     0         0      
       _bufread.c.obj               156     0         0      
       memcpy_t2.asm.obj            156     0         0      
       ull_div_t2.asm.obj           150     0         0      
       fd_cmp_t2.asm.obj            134     0         0      
       memset_t2.asm.obj            122     0         0      
       getdevice.c.obj              116     0         0      
       hostopen.c.obj               96      0         16     
       hostrename.c.obj             108     0         0      
       copy_decompress_lzss.c.obj   104     0         0      
       hostlseek.c.obj              104     0         0      
       exit.c.obj                   76      0         24     
       fseek.c.obj                  100     0         0      
       ftell.c.obj                  100     0         0      
       close.c.obj                  92      0         0      
       hostread.c.obj               88      0         0      
       hostwrite.c.obj              88      0         0      
       fd_toi_t2.asm.obj            72      0         0      
       autoinit.c.obj               68      0         0      
       fd_tou_t2.asm.obj            68      0         0      
       hostclose.c.obj              68      0         0      
       hostunlink.c.obj             68      0         0      
       u_divt2.asm.obj              64      0         0      
       strncpy.c.obj                54      0         0      
       boot_cortex_m.c.obj          52      0         0      
       i_tofd_t2.asm.obj            46      0         0      
       unlink.c.obj                 44      0         0      
       lseek.c.obj                  40      0         0      
       read.c.obj                   40      0         0      
       write.c.obj                  40      0         0      
       memchr.c.obj                 32      0         0      
       strcmp.c.obj                 24      0         0      
       strchr.c.obj                 22      0         0      
       strcpy.c.obj                 20      0         0      
       strlen.c.obj                 20      0         0      
       _lock.c.obj                  2       0         16     
       errno.c.obj                  8       0         8      
       copy_decompress_none.c.obj   14      0         0      
       copy_zero_init.c.obj         12      0         0      
       rewind.c.obj                 8       0         0      
       pre_init.c.obj               4       0         0      
       div0.asm.obj                 2       0         0      
    +--+----------------------------+-------+---------+---------+
       Total:                       6392    0         1912   
                                                             
       Heap:                        0       0         65536  
       Stack:                       0       0         8192   
       Linker Generated:            0       286       0      
    +--+----------------------------+-------+---------+---------+
       Grand Total:                 33002   1901      87150  


LINKER GENERATED COPY TABLES

__TI_cinit_table @ 00008860 records: 3, size/record: 8, table size: 24
	.data: load addr=00008758, load size=000000ea bytes, run addr=200093fc, run size=00000553 bytes, compression=lzss
	.bss: load addr=00008850, load size=00000008 bytes, run addr=20008000, run size=000013fc bytes, compression=zero_init
	.vtable: load addr=00008858, load size=00000008 bytes, run addr=20009c00, run size=000000e8 bytes, compression=zero_init


LINKER GENERATED HANDLER TABLE

__TI_handler_table @ 00008844 records: 3, size/record: 4, table size: 12
	index: 0, handler: __TI_decompress_lzss
	index: 1, handler: __TI_decompress_none
	index: 2, handler: __TI_zero_init


GLOBAL SYMBOLS: SORTED ALPHABETICALLY BY Name 

address   name                              
-------   ----                              
0000807b  Board_init                        
00001d47  Board_initHook                    
00008241  C$$EXIT                           
000071f7  C$$IO$$                           
00008087  CPU_cpsid                         
00008093  CPU_cpsie                         
000079e5  CS_setExternalClockSourceFrequency
00003031  CS_startHFXTWithTimeout           
000031f9  CS_startLFXTWithTimeout           
00007f61  ClockP_Params_init                
00007a05  ClockP_add                        
00006871  ClockP_construct                  
00007c09  ClockP_create                     
00007f71  ClockP_delete                     
00007c57  ClockP_destruct                   
000080a1  ClockP_doTick                     
000080ad  ClockP_getSystemTickPeriod        
000075fd  ClockP_getSystemTicks             
000078a1  ClockP_getTicks                   
00008209  ClockP_isActive                   
000078c5  ClockP_scheduleNextTick           
0000820d  ClockP_setTimeout                 
00005339  ClockP_start                      
00003f91  ClockP_startup                    
000081d9  ClockP_stop                       
20009920  ClockP_tickPeriod                 
000056ad  ClockP_walkQueueDynamic           
0000430d  ClockP_workFuncDynamic            
00002e51  DMA_setChannelTransfer            
000022cf  DisplayUartMin_clear              
00002e4f  DisplayUartMin_clearLines         
00007d79  DisplayUartMin_close              
000081df  DisplayUartMin_control            
000085d8  DisplayUartMin_fxnTable           
000081e5  DisplayUartMin_getType            
0000302f  DisplayUartMin_init               
00006791  DisplayUartMin_open               
000069d9  DisplayUartMin_vprintf            
000086ac  Display_config                    
0000873d  Display_count                     
0000844f  Display_defaultParams             
00007625  Display_doInit                    
00006131  Display_doOpen                    
0000757d  Display_doPrintf                  
00007c6f  EUSCI_A_SPI_getInterruptStatus    
00007c87  EUSCI_B_SPI_getInterruptStatus    
00008650  GPIOMSP432_config                 
00005c71  GPIO_hwiIntFxn                    
000043b9  GPIO_init                         
00006071  GPIO_setCallback                  
00001ec9  GPIO_setConfig                    
000062a1  GPIO_write                        
00006aad  HOSTclose                         
00005cd9  HOSTlseek                         
000060d1  HOSTopen                          
000062f9  HOSTread                          
00005b99  HOSTrename                        
00006af1  HOSTunlink                        
00006351  HOSTwrite                         
00007ee1  HwiP_Params_init                  
00008211  HwiP_clearInterrupt               
000058f9  HwiP_construct                    
000075a7  HwiP_create                       
00007c9f  HwiP_delete                       
00007f81  HwiP_disable                      
00008215  HwiP_disableInterrupt             
000078e9  HwiP_dispatch                     
00008219  HwiP_enable                       
0000821d  HwiP_enableInterrupt              
00007cb9  HwiP_inISR                        
20009924  HwiP_key                          
00008221  HwiP_post                         
0000818f  HwiP_restore                      
20009928  HwiP_swiPIntNum                   
000053b9  Interrupt_disableInterrupt        
00007f91  Interrupt_disableMaster           
00005439  Interrupt_enableInterrupt         
00007fa1  Interrupt_enableMaster            
00005d41  Interrupt_pendInterrupt           
0000618d  Interrupt_registerInterrupt       
00006509  Interrupt_setPriority             
000063a9  Interrupt_unpendInterrupt         
00007b45  Interrupt_unregisterInterrupt     
0000782d  List_put                          
00007853  List_remove                       
00008219  NoRTOS_start                      
000084e0  PowerMSP432_config                
00005da9  PowerMSP432_getFreqs              
00007fb1  PowerMSP432_getNumPerfLevels      
000047a7  PowerMSP432_initPolicy            
20009884  PowerMSP432_module                
2000953c  PowerMSP432_perfLevels            
000068b9  PowerMSP432_sleepPolicy           
00004d27  PowerMSP432_updateFreqs           
00007fc1  Power_disablePolicy               
00007fd1  Power_enablePolicy                
000080b9  Power_getConstraintMask           
000080c5  Power_getPerformanceLevel         
00007e41  Power_idleFunc                    
000048e9  Power_init                        
0000764d  Power_registerNotify              
00006901  Power_releaseConstraint           
00007159  Power_setConstraint               
0000062d  Power_sleep                       
00007a25  Power_unregisterNotify            
00008051  QueueP_empty                      
00007c23  QueueP_get                        
00008225  QueueP_head                       
000081eb  QueueP_init                       
00008229  QueueP_next                       
00007a45  QueueP_put                        
0000805f  QueueP_remove                     
00007ef3  RingBuf_construct                 
00006e65  RingBuf_get                       
00007a65  RingBuf_peek                      
00006a1f  RingBuf_put                       
00007191  SDFatFS_close                     
00008744  SDFatFS_config                    
0000873e  SDFatFS_count                     
000070a5  SDFatFS_diskIOctrl                
0000790d  SDFatFS_diskInitialize            
000074a1  SDFatFS_diskRead                  
00007fe1  SDFatFS_diskStatus                
000074cd  SDFatFS_diskWrite                 
00006b35  SDFatFS_init                      
000038d5  SDFatFS_open                      
00007931  SDSPI_close                       
000081f1  SDSPI_control                     
0000856c  SDSPI_fxnTable                    
00004465  SDSPI_getNumSectors               
000081f7  SDSPI_getSectorSize               
000080d1  SDSPI_init                        
00001679  SDSPI_initialize                  
0000579d  SDSPI_open                        
0000425d  SDSPI_read                        
000039a5  SDSPI_write                       
0000810d  SD_close                          
000086b8  SD_config                         
0000873f  SD_count                          
00008748  SD_defaultParams                  
00008117  SD_getNumSectors                  
00008121  SD_getSectorSize                  
00006b79  SD_init                           
0000812b  SD_initialize                     
00006ea5  SD_open                           
00008135  SD_read                           
0000813f  SD_write                          
00005ee1  SPIMSP432DMA_close                
000081fd  SPIMSP432DMA_control              
00008638  SPIMSP432DMA_fxnTable             
0000822d  SPIMSP432DMA_init                 
00001165  SPIMSP432DMA_open                 
00002401  SPIMSP432DMA_transfer             
00002969  SPIMSP432DMA_transferCancel       
00007e55  SPI_Params_init                   
00008149  SPI_close                         
000086c4  SPI_config                        
00008740  SPI_count                         
000085f8  SPI_defaultParams                 
00007675  SPI_getInterruptStatus            
00006bbd  SPI_init                          
000041ad  SPI_initMaster                    
00006ee5  SPI_open                          
00008153  SPI_transfer                      
00007ff1  SemaphoreP_Params_init            
00006659  SemaphoreP_construct              
00007d8f  SemaphoreP_create                 
00007c3d  SemaphoreP_createBinary           
20009904  SemaphoreP_defaultParams          
00008231  SemaphoreP_delete                 
000047a9  SemaphoreP_pend                   
00006c01  SemaphoreP_post                   
00008001  SwiP_Params_init                  
00003729  SwiP_construct                    
00007b61  SwiP_disable                      
00004985  SwiP_dispatch                     
00005e11  SwiP_post                         
00006c45  SwiP_restore                      
00007cd1  SysCtl_A_disableNMISource         
00007ce9  SysCtl_A_enableNMISource          
00008011  SysCtl_A_getNMISourceStatus       
00008021  SysCtl_getNMISourceStatus         
00008235  SystemP_vsnprintf                 
00008031  TimerP_Params_init                
000032d9  TimerP_construct                  
00006401  TimerP_dynamicStub                
00005c05  TimerP_getCurrentTick             
000080dd  TimerP_getFreq                    
000080e9  TimerP_getMaxTicks                
000070e1  TimerP_initDevice                 
00006f25  TimerP_setNextTick                
00008239  TimerP_setPeriod                  
00006c89  TimerP_start                      
00004e51  UARTMSP432_close                  
00004045  UARTMSP432_control                
00008544  UARTMSP432_fxnTable               
00003a6f  UARTMSP432_hwiIntFxn              
00005093  UARTMSP432_init                   
00000bfd  UARTMSP432_open                   
00006f65  UARTMSP432_read                   
00007239  UARTMSP432_readCancel             
000033b9  UARTMSP432_readPolling            
0000450d  UARTMSP432_write                  
00005969  UARTMSP432_writeCancel            
000040f9  UARTMSP432_writePolling           
00007d01  UART_Params_init                  
0000815d  UART_close                        
000086d0  UART_config                       
00008167  UART_control                      
00008741  UART_count                        
00008590  UART_defaultParams                
00006ccd  UART_init                         
0000252d  UART_initModule                   
00006fa5  UART_open                         
00008171  UART_write                        
00003495  UDMAMSP432_close                  
000086fc  UDMAMSP432_config                 
00004d29  UDMAMSP432_init                   
00004dbd  UDMAMSP432_open                   
4000480c  WDTCTL_SYM                        
20008e44  __CIOBUF_                         
20010000  __STACK_END                       
00001000  __STACK_SIZE                      
00008000  __SYSMEM_SIZE                     
00008860  __TI_CINIT_Base                   
00008878  __TI_CINIT_Limit                  
00008844  __TI_Handler_Table_Base           
00008850  __TI_Handler_Table_Limit          
00006d11  __TI_auto_init_nobinit_nopinit    
00004a21  __TI_buff_read                    
000072dd  __TI_cleanup                      
200098d0  __TI_cleanup_ptr                  
00005811  __TI_closefile                    
00005e79  __TI_decompress_lzss              
0000806d  __TI_decompress_none              
000066f9  __TI_doflush                      
200098d4  __TI_dtors_ptr                    
200098d8  __TI_enable_exit_profile_output   
200098c0  __TI_ft_end                       
ffffffff  __TI_pprof_out_hndl               
ffffffff  __TI_prof_data_size               
ffffffff  __TI_prof_data_start              
000067db  __TI_rd_ok                        
00007311  __TI_readmsg                      
00008758  __TI_static_base__                
200091a0  __TI_tmpnams                      
000071c9  __TI_writemsg                     
0000600d  __TI_wrt_ok                       
000080f5  __TI_zero_init                    
000051a9  __aeabi_cdcmpeq                   
000051a9  __aeabi_cdcmple                   
00006991  __aeabi_d2iz                      
00006ddd  __aeabi_d2uiz                     
00001a15  __aeabi_dadd                      
00002b69  __aeabi_dmul                      
00001a0b  __aeabi_dsub                      
00008199  __aeabi_errno_addr                
00007471  __aeabi_i2d                       
0000686f  __aeabi_idiv0                     
0000686f  __aeabi_ldiv0                     
00005631  __aeabi_memclr                    
00005631  __aeabi_memclr4                   
00005631  __aeabi_memclr8                   
00004bf5  __aeabi_memcpy                    
00004bf5  __aeabi_memcpy4                   
00004bf5  __aeabi_memcpy8                   
00005633  __aeabi_memset                    
00005633  __aeabi_memset4                   
00005633  __aeabi_memset8                   
200098cc  __aeabi_stderr                    
200098c4  __aeabi_stdin                     
200098c8  __aeabi_stdout                    
00007065  __aeabi_uidiv                     
00007065  __aeabi_uidivmod                  
00004c91  __aeabi_uldivmod                  
ffffffff  __binit__                         
ffffffff  __c_args__                        
UNDEFED   __mpu_init                        
2000f000  __stack                           
20000000  __start___llvm_prf_cnts           
20000000  __stop___llvm_prf_cnts            
00007345  _c_int00_noargs                   
2000976c  _device                           
2000967c  _ftable                           
200098f4  _lock                             
000056ab  _nop                              
200097e4  _stream                           
20000000  _sys_memory                       
UNDEFED   _system_post_cinit                
0000823d  _system_pre_init                  
200098f8  _unlock                           
00008241  abort                             
00003cb1  add_device                        
00002861  aligned_alloc                     
ffffffff  binit                             
00005b97  clkFxn                            
000061e9  close                             
20008000  cpy_buff                          
00007b99  disk_initialize                   
00007955  disk_ioctl                        
00007979  disk_read                         
000074f9  disk_register                     
00007bb5  disk_status                       
00007715  disk_unregister                   
00007a85  disk_write                        
00008664  displayUartHWAttrs                
200093bc  displayUartObject                 
20009938  errno                             
00006949  exit                              
00007879  f_close                           
0000218f  f_lseek                           
00005539  f_mount                           
00001855  f_open                            
00002039  f_read                            
00002755  f_rename                          
00004abd  f_sync                            
00004705  f_unlink                          
00001bc1  f_write                           
20009930  fatfsPrefix                       
000081a9  fatfs_getFatTime                  
00007525  fclose                            
00007d31  ff_cre_syncobj                    
0000817b  ff_del_syncobj                    
00006c01  ff_rel_grant                      
00007ea5  ff_req_grant                      
00007aa5  ffcio_close                       
000073ad  ffcio_lseek                       
000045b5  ffcio_open                        
00007ac5  ffcio_read                        
00007f17  ffcio_rename                      
00007f29  ffcio_unlink                      
00007ae5  ffcio_write                       
000055b5  fflush                            
000073e1  finddevice                        
00004b59  fopen                             
00002c65  fread                             
00003115  free                              
00005f45  fseek                             
00005fa9  ftell                             
00001d49  fwrite                            
20009c00  g_pfnRAMVectors                   
00008245  get_fattime                       
00006d99  getdevice                         
2000990c  gpioCallbackFunctions             
20009914  gpioPinConfigs                    
00008689  inputfile                         
00000000  interruptVectors                  
000077b5  lseek                             
00007f3b  main                              
00000145  mainThread                        
000081b1  malloc                            
00002861  memalign                          
00007b05  memchr                            
00004bf5  memcpy                            
00005639  memset                            
00003bf5  open                              
00008678  outputfile                        
200093e4  parmbuf                           
000077dd  read                              
00007551  remove                            
00007d49  resetISR                          
000081c1  rewind                            
20008c04  sdfatfsObjects                    
200093c8  sdspiObjects                      
0000364d  setvbuf                           
000085b4  spiMSP432DMAHWAttrs               
20009240  spiMSP432DMAObjects               
00007e13  strchr                            
00007d61  strcmp                            
00007eb9  strcpy                            
00007ecd  strlen                            
000072a5  strncpy                           
00008248  textarray                         
20008f64  uartMSP432Objects                 
000086dc  udmaMSP432HWAttrs                 
200093b9  udmaMSP432Object                  
00007551  unlink                            
00007805  write                             


GLOBAL SYMBOLS: SORTED BY Symbol Address 

address   name                              
-------   ----                              
00000000  interruptVectors                  
00000145  mainThread                        
0000062d  Power_sleep                       
00000bfd  UARTMSP432_open                   
00001000  __STACK_SIZE                      
00001165  SPIMSP432DMA_open                 
00001679  SDSPI_initialize                  
00001855  f_open                            
00001a0b  __aeabi_dsub                      
00001a15  __aeabi_dadd                      
00001bc1  f_write                           
00001d47  Board_initHook                    
00001d49  fwrite                            
00001ec9  GPIO_setConfig                    
00002039  f_read                            
0000218f  f_lseek                           
000022cf  DisplayUartMin_clear              
00002401  SPIMSP432DMA_transfer             
0000252d  UART_initModule                   
00002755  f_rename                          
00002861  aligned_alloc                     
00002861  memalign                          
00002969  SPIMSP432DMA_transferCancel       
00002b69  __aeabi_dmul                      
00002c65  fread                             
00002e4f  DisplayUartMin_clearLines         
00002e51  DMA_setChannelTransfer            
0000302f  DisplayUartMin_init               
00003031  CS_startHFXTWithTimeout           
00003115  free                              
000031f9  CS_startLFXTWithTimeout           
000032d9  TimerP_construct                  
000033b9  UARTMSP432_readPolling            
00003495  UDMAMSP432_close                  
0000364d  setvbuf                           
00003729  SwiP_construct                    
000038d5  SDFatFS_open                      
000039a5  SDSPI_write                       
00003a6f  UARTMSP432_hwiIntFxn              
00003bf5  open                              
00003cb1  add_device                        
00003f91  ClockP_startup                    
00004045  UARTMSP432_control                
000040f9  UARTMSP432_writePolling           
000041ad  SPI_initMaster                    
0000425d  SDSPI_read                        
0000430d  ClockP_workFuncDynamic            
000043b9  GPIO_init                         
00004465  SDSPI_getNumSectors               
0000450d  UARTMSP432_write                  
000045b5  ffcio_open                        
00004705  f_unlink                          
000047a7  PowerMSP432_initPolicy            
000047a9  SemaphoreP_pend                   
000048e9  Power_init                        
00004985  SwiP_dispatch                     
00004a21  __TI_buff_read                    
00004abd  f_sync                            
00004b59  fopen                             
00004bf5  __aeabi_memcpy                    
00004bf5  __aeabi_memcpy4                   
00004bf5  __aeabi_memcpy8                   
00004bf5  memcpy                            
00004c91  __aeabi_uldivmod                  
00004d27  PowerMSP432_updateFreqs           
00004d29  UDMAMSP432_init                   
00004dbd  UDMAMSP432_open                   
00004e51  UARTMSP432_close                  
00005093  UARTMSP432_init                   
000051a9  __aeabi_cdcmpeq                   
000051a9  __aeabi_cdcmple                   
00005339  ClockP_start                      
000053b9  Interrupt_disableInterrupt        
00005439  Interrupt_enableInterrupt         
00005539  f_mount                           
000055b5  fflush                            
00005631  __aeabi_memclr                    
00005631  __aeabi_memclr4                   
00005631  __aeabi_memclr8                   
00005633  __aeabi_memset                    
00005633  __aeabi_memset4                   
00005633  __aeabi_memset8                   
00005639  memset                            
000056ab  _nop                              
000056ad  ClockP_walkQueueDynamic           
0000579d  SDSPI_open                        
00005811  __TI_closefile                    
000058f9  HwiP_construct                    
00005969  UARTMSP432_writeCancel            
00005b97  clkFxn                            
00005b99  HOSTrename                        
00005c05  TimerP_getCurrentTick             
00005c71  GPIO_hwiIntFxn                    
00005cd9  HOSTlseek                         
00005d41  Interrupt_pendInterrupt           
00005da9  PowerMSP432_getFreqs              
00005e11  SwiP_post                         
00005e79  __TI_decompress_lzss              
00005ee1  SPIMSP432DMA_close                
00005f45  fseek                             
00005fa9  ftell                             
0000600d  __TI_wrt_ok                       
00006071  GPIO_setCallback                  
000060d1  HOSTopen                          
00006131  Display_doOpen                    
0000618d  Interrupt_registerInterrupt       
000061e9  close                             
000062a1  GPIO_write                        
000062f9  HOSTread                          
00006351  HOSTwrite                         
000063a9  Interrupt_unpendInterrupt         
00006401  TimerP_dynamicStub                
00006509  Interrupt_setPriority             
00006659  SemaphoreP_construct              
000066f9  __TI_doflush                      
00006791  DisplayUartMin_open               
000067db  __TI_rd_ok                        
0000686f  __aeabi_idiv0                     
0000686f  __aeabi_ldiv0                     
00006871  ClockP_construct                  
000068b9  PowerMSP432_sleepPolicy           
00006901  Power_releaseConstraint           
00006949  exit                              
00006991  __aeabi_d2iz                      
000069d9  DisplayUartMin_vprintf            
00006a1f  RingBuf_put                       
00006aad  HOSTclose                         
00006af1  HOSTunlink                        
00006b35  SDFatFS_init                      
00006b79  SD_init                           
00006bbd  SPI_init                          
00006c01  SemaphoreP_post                   
00006c01  ff_rel_grant                      
00006c45  SwiP_restore                      
00006c89  TimerP_start                      
00006ccd  UART_init                         
00006d11  __TI_auto_init_nobinit_nopinit    
00006d99  getdevice                         
00006ddd  __aeabi_d2uiz                     
00006e65  RingBuf_get                       
00006ea5  SD_open                           
00006ee5  SPI_open                          
00006f25  TimerP_setNextTick                
00006f65  UARTMSP432_read                   
00006fa5  UART_open                         
00007065  __aeabi_uidiv                     
00007065  __aeabi_uidivmod                  
000070a5  SDFatFS_diskIOctrl                
000070e1  TimerP_initDevice                 
00007159  Power_setConstraint               
00007191  SDFatFS_close                     
000071c9  __TI_writemsg                     
000071f7  C$$IO$$                           
00007239  UARTMSP432_readCancel             
000072a5  strncpy                           
000072dd  __TI_cleanup                      
00007311  __TI_readmsg                      
00007345  _c_int00_noargs                   
000073ad  ffcio_lseek                       
000073e1  finddevice                        
00007471  __aeabi_i2d                       
000074a1  SDFatFS_diskRead                  
000074cd  SDFatFS_diskWrite                 
000074f9  disk_register                     
00007525  fclose                            
00007551  remove                            
00007551  unlink                            
0000757d  Display_doPrintf                  
000075a7  HwiP_create                       
000075fd  ClockP_getSystemTicks             
00007625  Display_doInit                    
0000764d  Power_registerNotify              
00007675  SPI_getInterruptStatus            
00007715  disk_unregister                   
000077b5  lseek                             
000077dd  read                              
00007805  write                             
0000782d  List_put                          
00007853  List_remove                       
00007879  f_close                           
000078a1  ClockP_getTicks                   
000078c5  ClockP_scheduleNextTick           
000078e9  HwiP_dispatch                     
0000790d  SDFatFS_diskInitialize            
00007931  SDSPI_close                       
00007955  disk_ioctl                        
00007979  disk_read                         
000079e5  CS_setExternalClockSourceFrequency
00007a05  ClockP_add                        
00007a25  Power_unregisterNotify            
00007a45  QueueP_put                        
00007a65  RingBuf_peek                      
00007a85  disk_write                        
00007aa5  ffcio_close                       
00007ac5  ffcio_read                        
00007ae5  ffcio_write                       
00007b05  memchr                            
00007b45  Interrupt_unregisterInterrupt     
00007b61  SwiP_disable                      
00007b99  disk_initialize                   
00007bb5  disk_status                       
00007c09  ClockP_create                     
00007c23  QueueP_get                        
00007c3d  SemaphoreP_createBinary           
00007c57  ClockP_destruct                   
00007c6f  EUSCI_A_SPI_getInterruptStatus    
00007c87  EUSCI_B_SPI_getInterruptStatus    
00007c9f  HwiP_delete                       
00007cb9  HwiP_inISR                        
00007cd1  SysCtl_A_disableNMISource         
00007ce9  SysCtl_A_enableNMISource          
00007d01  UART_Params_init                  
00007d31  ff_cre_syncobj                    
00007d49  resetISR                          
00007d61  strcmp                            
00007d79  DisplayUartMin_close              
00007d8f  SemaphoreP_create                 
00007e13  strchr                            
00007e41  Power_idleFunc                    
00007e55  SPI_Params_init                   
00007ea5  ff_req_grant                      
00007eb9  strcpy                            
00007ecd  strlen                            
00007ee1  HwiP_Params_init                  
00007ef3  RingBuf_construct                 
00007f17  ffcio_rename                      
00007f29  ffcio_unlink                      
00007f3b  main                              
00007f61  ClockP_Params_init                
00007f71  ClockP_delete                     
00007f81  HwiP_disable                      
00007f91  Interrupt_disableMaster           
00007fa1  Interrupt_enableMaster            
00007fb1  PowerMSP432_getNumPerfLevels      
00007fc1  Power_disablePolicy               
00007fd1  Power_enablePolicy                
00007fe1  SDFatFS_diskStatus                
00007ff1  SemaphoreP_Params_init            
00008000  __SYSMEM_SIZE                     
00008001  SwiP_Params_init                  
00008011  SysCtl_A_getNMISourceStatus       
00008021  SysCtl_getNMISourceStatus         
00008031  TimerP_Params_init                
00008051  QueueP_empty                      
0000805f  QueueP_remove                     
0000806d  __TI_decompress_none              
0000807b  Board_init                        
00008087  CPU_cpsid                         
00008093  CPU_cpsie                         
000080a1  ClockP_doTick                     
000080ad  ClockP_getSystemTickPeriod        
000080b9  Power_getConstraintMask           
000080c5  Power_getPerformanceLevel         
000080d1  SDSPI_init                        
000080dd  TimerP_getFreq                    
000080e9  TimerP_getMaxTicks                
000080f5  __TI_zero_init                    
0000810d  SD_close                          
00008117  SD_getNumSectors                  
00008121  SD_getSectorSize                  
0000812b  SD_initialize                     
00008135  SD_read                           
0000813f  SD_write                          
00008149  SPI_close                         
00008153  SPI_transfer                      
0000815d  UART_close                        
00008167  UART_control                      
00008171  UART_write                        
0000817b  ff_del_syncobj                    
0000818f  HwiP_restore                      
00008199  __aeabi_errno_addr                
000081a9  fatfs_getFatTime                  
000081b1  malloc                            
000081c1  rewind                            
000081d9  ClockP_stop                       
000081df  DisplayUartMin_control            
000081e5  DisplayUartMin_getType            
000081eb  QueueP_init                       
000081f1  SDSPI_control                     
000081f7  SDSPI_getSectorSize               
000081fd  SPIMSP432DMA_control              
00008209  ClockP_isActive                   
0000820d  ClockP_setTimeout                 
00008211  HwiP_clearInterrupt               
00008215  HwiP_disableInterrupt             
00008219  HwiP_enable                       
00008219  NoRTOS_start                      
0000821d  HwiP_enableInterrupt              
00008221  HwiP_post                         
00008225  QueueP_head                       
00008229  QueueP_next                       
0000822d  SPIMSP432DMA_init                 
00008231  SemaphoreP_delete                 
00008235  SystemP_vsnprintf                 
00008239  TimerP_setPeriod                  
0000823d  _system_pre_init                  
00008241  C$$EXIT                           
00008241  abort                             
00008245  get_fattime                       
00008248  textarray                         
0000844f  Display_defaultParams             
000084e0  PowerMSP432_config                
00008544  UARTMSP432_fxnTable               
0000856c  SDSPI_fxnTable                    
00008590  UART_defaultParams                
000085b4  spiMSP432DMAHWAttrs               
000085d8  DisplayUartMin_fxnTable           
000085f8  SPI_defaultParams                 
00008638  SPIMSP432DMA_fxnTable             
00008650  GPIOMSP432_config                 
00008664  displayUartHWAttrs                
00008678  outputfile                        
00008689  inputfile                         
000086ac  Display_config                    
000086b8  SD_config                         
000086c4  SPI_config                        
000086d0  UART_config                       
000086dc  udmaMSP432HWAttrs                 
000086fc  UDMAMSP432_config                 
0000873d  Display_count                     
0000873e  SDFatFS_count                     
0000873f  SD_count                          
00008740  SPI_count                         
00008741  UART_count                        
00008744  SDFatFS_config                    
00008748  SD_defaultParams                  
00008758  __TI_static_base__                
00008844  __TI_Handler_Table_Base           
00008850  __TI_Handler_Table_Limit          
00008860  __TI_CINIT_Base                   
00008878  __TI_CINIT_Limit                  
20000000  __start___llvm_prf_cnts           
20000000  __stop___llvm_prf_cnts            
20000000  _sys_memory                       
20008000  cpy_buff                          
20008c04  sdfatfsObjects                    
20008e44  __CIOBUF_                         
20008f64  uartMSP432Objects                 
200091a0  __TI_tmpnams                      
20009240  spiMSP432DMAObjects               
200093b9  udmaMSP432Object                  
200093bc  displayUartObject                 
200093c8  sdspiObjects                      
200093e4  parmbuf                           
2000953c  PowerMSP432_perfLevels            
2000967c  _ftable                           
2000976c  _device                           
200097e4  _stream                           
20009884  PowerMSP432_module                
200098c0  __TI_ft_end                       
200098c4  __aeabi_stdin                     
200098c8  __aeabi_stdout                    
200098cc  __aeabi_stderr                    
200098d0  __TI_cleanup_ptr                  
200098d4  __TI_dtors_ptr                    
200098d8  __TI_enable_exit_profile_output   
200098f4  _lock                             
200098f8  _unlock                           
20009904  SemaphoreP_defaultParams          
2000990c  gpioCallbackFunctions             
20009914  gpioPinConfigs                    
20009920  ClockP_tickPeriod                 
20009924  HwiP_key                          
20009928  HwiP_swiPIntNum                   
20009930  fatfsPrefix                       
20009938  errno                             
20009c00  g_pfnRAMVectors                   
2000f000  __stack                           
20010000  __STACK_END                       
4000480c  WDTCTL_SYM                        
ffffffff  __TI_pprof_out_hndl               
ffffffff  __TI_prof_data_size               
ffffffff  __TI_prof_data_start              
ffffffff  __binit__                         
ffffffff  __c_args__                        
ffffffff  binit                             
UNDEFED   __mpu_init                        
UNDEFED   _system_post_cinit                

[378 symbols]
