******************************************************************************
                  TI ARM Linker PC v20.2.3                     
******************************************************************************
>> Linked Mon Jan 25 13:09:05 2021

OUTPUT FILE NAME:   <uartecho_MSP_EXP432P401R_nortos_ccs.out>
ENTRY POINT SYMBOL: "resetISR"  address: 000031a1


MEMORY CONFIGURATION

         name            origin    length      used     unused   attr    fill
----------------------  --------  ---------  --------  --------  ----  --------
  MAIN                  00000000   00040000  0000372e  0003c8d2  R  X
  INFO                  00200000   00004000  00000000  00004000  R  X
  SRAM_CODE             01000000   00010000  00009678  00006988  RW X
  SRAM_DATA             20000000   00010000  00009678  00006988  RW  


SEGMENT ALLOCATION MAP

run origin  load origin   length   init length attrs members
----------  ----------- ---------- ----------- ----- -------
00000000    00000000    00003730   00003730    r-x
  00000000    00000000    00000144   00000144    r-- .intvecs
  00000144    00000144    0000330c   0000330c    r-x .text
  00003450    00003450    0000021e   0000021e    r-- .const
  00003670    00003670    000000c0   000000c0    r-- .cinit
20000000    20000000    00008594   00000000    rw-
  20000000    20000000    00008000   00000000    rw- .sysmem
  20008000    20008000    000002fc   00000000    rw- .data
  20008300    20008300    00000294   00000000    rw- .bss
20008800    20008800    000000e8   00000000    rw-
  20008800    20008800    000000e8   00000000    rw- .vtable
2000f000    2000f000    00001000   00000000    rw-
  2000f000    2000f000    00001000   00000000    rw- .stack


SECTION ALLOCATION MAP

 output                                  attributes/
section   page    origin      length       input sections
--------  ----  ----------  ----------   ----------------
.text      0    00000144    0000330c     
                  00000144    000002f8     drivers_msp432p401x.aem4f : PowerMSP432.oem4f (.text:Power_sleep)
                  0000043c    000002d0                               : UARTMSP432.oem4f (.text:UARTMSP432_open)
                  0000070c    00000288                               : PowerMSP432.oem4f (.text:initPerfControl)
                  00000994    00000170                               : GPIOMSP432.oem4f (.text:GPIO_setConfig)
                  00000b04    0000011c     msp432p4xx_driverlib.lib : uart.o (.text:UART_initModule)
                  00000c20    00000100     rtsv7M4_T_le_v4SPD16_eabi.lib : memory.c.obj (.text:aligned_alloc)
                  00000d20    000000e4     msp432p4xx_driverlib.lib : cs.o (.text:CS_startHFXTWithTimeout)
                  00000e04    000000e4     rtsv7M4_T_le_v4SPD16_eabi.lib : memory.c.obj (.text:free)
                  00000ee8    000000e0     msp432p4xx_driverlib.lib : cs.o (.text:CS_startLFXTWithTimeout)
                  00000fc8    000000e0     nortos_msp432p401x.aem4f : TimerPMSP432_nortos.oem4f (.text:TimerP_construct)
                  000010a8    000000dc     drivers_msp432p401x.aem4f : UARTMSP432.oem4f (.text:UARTMSP432_readPolling)
                  00001184    000000dc     msp432p4xx_driverlib.lib : cs.o (.text:_CSGetHFXTFrequency)
                  00001260    000000d8     nortos_msp432p401x.aem4f : SwiP_nortos.oem4f (.text:SwiP_construct)
                  00001338    000000ca     drivers_msp432p401x.aem4f : UARTMSP432.oem4f (.text:UARTMSP432_hwiIntFxn)
                  00001402    00000002     ti_drivers_config.obj (.text:Board_initHook)
                  00001404    000000b8     drivers_msp432p401x.aem4f : UARTMSP432.oem4f (.text:initHw)
                  000014bc    000000b8                               : UARTMSP432.oem4f (.text:readTaskCallback)
                  00001574    000000b4     nortos_msp432p401x.aem4f : ClockPTimer_nortos.oem4f (.text:ClockP_startup)
                  00001628    000000b4     drivers_msp432p401x.aem4f : UARTMSP432.oem4f (.text:UARTMSP432_control)
                  000016dc    000000b4                               : UARTMSP432.oem4f (.text:UARTMSP432_writePolling)
                  00001790    000000ac     nortos_msp432p401x.aem4f : ClockPTimer_nortos.oem4f (.text:ClockP_workFuncDynamic)
                  0000183c    000000ac     drivers_msp432p401x.aem4f : GPIOMSP432.oem4f (.text:GPIO_init)
                  000018e8    000000a8                               : UARTMSP432.oem4f (.text:UARTMSP432_write)
                  00001990    000000a8                               : UARTMSP432.oem4f (.text:readTaskBlocking)
                  00001a38    000000a0     nortos_msp432p401x.aem4f : SemaphoreP_nortos.oem4f (.text:SemaphoreP_pend)
                  00001ad8    000000a0     drivers_msp432p401x.aem4f : UARTMSP432.oem4f (.text:readIsrTextCallback)
                  00001b78    0000009c                               : PowerMSP432.oem4f (.text:Power_init)
                  00001c14    0000009c     nortos_msp432p401x.aem4f : SwiP_nortos.oem4f (.text:SwiP_dispatch)
                  00001cb0    0000009c     rtsv7M4_T_le_v4SPD16_eabi.lib : memcpy_t2.asm.obj (.text)
                  00001d4c    00000096                                   : ull_div_t2.asm.obj (.text)
                  00001de2    00000092     drivers_msp432p401x.aem4f : UARTMSP432.oem4f (.text:UARTMSP432_close)
                  00001e74    00000092                               : UARTMSP432.oem4f (.text:writeData)
                  00001f06    0000008c                               : UARTMSP432.oem4f (.text:readIsrTextBlocking)
                  00001f92    00000002     msp432p4xx_driverlib.lib : interrupt.o (.text:IntDefaultHandler)
                  00001f94    00000084     drivers_msp432p401x.aem4f : PowerMSP432.oem4f (.text:restartHFXT)
                  00002018    00000080     nortos_msp432p401x.aem4f : ClockPTimer_nortos.oem4f (.text:ClockP_start)
                  00002098    00000080     msp432p4xx_driverlib.lib : interrupt.o (.text:Interrupt_disableInterrupt)
                  00002118    00000080                              : interrupt.o (.text:Interrupt_enableInterrupt)
                  00002198    00000080     uartecho.obj (.text:mainThread)
                  00002218    00000078     nortos_msp432p401x.aem4f : ClockPTimer_nortos.oem4f (.text:ClockP_walkQueueDynamic)
                  00002290    00000070                              : HwiPMSP432_nortos.oem4f (.text:HwiP_construct)
                  00002300    00000070     drivers_msp432p401x.aem4f : UARTMSP432.oem4f (.text:UARTMSP432_writeCancel)
                  00002370    00000070     rtsv7M4_T_le_v4SPD16_eabi.lib : memory.c.obj (.text:split)
                  000023e0    0000006c     nortos_msp432p401x.aem4f : TimerPMSP432_nortos.oem4f (.text:TimerP_getCurrentTick)
                  0000244c    00000068     drivers_msp432p401x.aem4f : GPIOMSP432.oem4f (.text:GPIO_hwiIntFxn)
                  000024b4    00000068     msp432p4xx_driverlib.lib : interrupt.o (.text:Interrupt_pendInterrupt)
                  0000251c    00000068     drivers_msp432p401x.aem4f : PowerMSP432.oem4f (.text:PowerMSP432_getFreqs)
                  00002584    00000068     nortos_msp432p401x.aem4f : SwiP_nortos.oem4f (.text:SwiP_post)
                  000025ec    00000068     rtsv7M4_T_le_v4SPD16_eabi.lib : copy_decompress_lzss.c.obj (.text:decompress:lzss:__TI_decompress_lzss)
                  00002654    00000060     drivers_msp432p401x.aem4f : GPIOMSP432.oem4f (.text:GPIO_setCallback)
                  000026b4    0000005c     msp432p4xx_driverlib.lib : interrupt.o (.text:Interrupt_registerInterrupt)
                  00002710    00000058     drivers_msp432p401x.aem4f : GPIOMSP432.oem4f (.text:GPIO_write)
                  00002768    00000058     nortos_msp432p401x.aem4f : TimerPMSP432_nortos.oem4f (.text:TimerP_dynamicStub)
                  000027c0    00000058     drivers_msp432p401x.aem4f : UARTMSP432.oem4f (.text:readIsrBinaryBlocking)
                  00002818    00000054     msp432p4xx_driverlib.lib : interrupt.o (.text:Interrupt_setPriority)
                  0000286c    00000050     nortos_msp432p401x.aem4f : SemaphoreP_nortos.oem4f (.text:SemaphoreP_construct)
                  000028bc    0000004c     drivers_msp432p401x.aem4f : UARTMSP432.oem4f (.text:readIsrBinaryCallback)
                  00002908    00000048     nortos_msp432p401x.aem4f : ClockPTimer_nortos.oem4f (.text:ClockP_construct)
                  00002950    00000048                              : PowerMSP432_nortos.oem4f (.text:PowerMSP432_sleepPolicy)
                  00002998    00000048     drivers_msp432p401x.aem4f : PowerMSP432.oem4f (.text:Power_releaseConstraint)
                  000029e0    00000046                               : RingBuf.oem4f (.text:RingBuf_put)
                  00002a26    00000002     nortos_msp432p401x.aem4f : PowerMSP432_nortos.oem4f (.text:PowerMSP432_initPolicy)
                  00002a28    00000044                              : SemaphoreP_nortos.oem4f (.text:SemaphoreP_post)
                  00002a6c    00000044                              : SwiP_nortos.oem4f (.text:SwiP_restore)
                  00002ab0    00000044                              : TimerPMSP432_nortos.oem4f (.text:TimerP_start)
                  00002af4    00000044     drivers_msp432p401x.aem4f : UART.oem4f (.text:UART_init)
                  00002b38    00000044     rtsv7M4_T_le_v4SPD16_eabi.lib : autoinit.c.obj (.text:__TI_auto_init_nobinit_nopinit:__TI_auto_init_nobinit_nopinit)
                  00002b7c    00000040     drivers_msp432p401x.aem4f : RingBuf.oem4f (.text:RingBuf_get)
                  00002bbc    00000040     nortos_msp432p401x.aem4f : TimerPMSP432_nortos.oem4f (.text:TimerP_setNextTick)
                  00002bfc    00000040     drivers_msp432p401x.aem4f : UARTMSP432.oem4f (.text:UARTMSP432_read)
                  00002c3c    00000040                               : UART.oem4f (.text:UART_open)
                  00002c7c    00000040                               : UARTMSP432.oem4f (.text:perfChangeNotifyFxn)
                  00002cbc    0000003c     nortos_msp432p401x.aem4f : TimerPMSP432_nortos.oem4f (.text:TimerP_initDevice)
                  00002cf8    00000038     drivers_msp432p401x.aem4f : PowerMSP432.oem4f (.text:Power_setConstraint)
                  00002d30    00000038                               : PowerMSP432.oem4f (.text:notify)
                  00002d68    00000036                               : UARTMSP432.oem4f (.text:UARTMSP432_readCancel)
                  00002d9e    00000002     nortos_msp432p401x.aem4f : PowerMSP432_nortos.oem4f (.text:PowerMSP432_updateFreqs)
                  00002da0    00000034     rtsv7M4_T_le_v4SPD16_eabi.lib : boot_cortex_m.c.obj (.text:_c_int00_noargs:_c_int00_noargs)
                  00002dd4    00000030     drivers_msp432p401x.aem4f : UARTMSP432.oem4f (.text:mapPin)
                  00002e04    0000002a     nortos_msp432p401x.aem4f : HwiPMSP432_nortos.oem4f (.text:HwiP_create)
                  00002e2e    00000002     drivers_msp432p401x.aem4f : UARTMSP432.oem4f (.text:UARTMSP432_init)
                  00002e30    00000028                               : PowerMSP432.oem4f (.text:Power_registerNotify)
                  00002e58    00000028                               : PowerMSP432.oem4f (.text:disableFaultCounter)
                  00002e80    00000028                               : PowerMSP432.oem4f (.text:disableHFXT)
                  00002ea8    00000028                               : UARTMSP432.oem4f (.text:findBaudDividerIndex)
                  00002ed0    00000028     rtsv7M4_T_le_v4SPD16_eabi.lib : memory.c.obj (.text:free_list_insert)
                  00002ef8    00000026     drivers_msp432p401x.aem4f : List.oem4f (.text:List_put)
                  00002f1e    00000026                               : List.oem4f (.text:List_remove)
                  00002f44    00000024     nortos_msp432p401x.aem4f : ClockPTimer_nortos.oem4f (.text:ClockP_getTicks)
                  00002f68    00000024                              : ClockPTimer_nortos.oem4f (.text:ClockP_scheduleNextTick)
                  00002f8c    00000024                              : HwiPMSP432_nortos.oem4f (.text:HwiP_dispatch)
                  00002fb0    00000020     msp432p4xx_driverlib.lib : cs.o (.text:CS_setExternalClockSourceFrequency)
                  00002fd0    00000020     nortos_msp432p401x.aem4f : ClockPTimer_nortos.oem4f (.text:ClockP_add)
                  00002ff0    00000020     drivers_msp432p401x.aem4f : PowerMSP432.oem4f (.text:Power_unregisterNotify)
                  00003010    00000020     nortos_msp432p401x.aem4f : QueueP_nortos.oem4f (.text:QueueP_put)
                  00003030    00000020     drivers_msp432p401x.aem4f : RingBuf.oem4f (.text:RingBuf_peek)
                  00003050    0000001c     msp432p4xx_driverlib.lib : interrupt.o (.text:Interrupt_unregisterInterrupt)
                  0000306c    0000001c     nortos_msp432p401x.aem4f : SwiP_nortos.oem4f (.text:SwiP_disable)
                  00003088    0000001c     rtsv7M4_T_le_v4SPD16_eabi.lib : copy_zero_init.c.obj (.text:decompress:ZI:__TI_zero_init_nomemset:__TI_zero_init_nomemset)
                  000030a4    0000001c                                   : memory.c.obj (.text:free_list_remove)
                  000030c0    0000001a     nortos_msp432p401x.aem4f : ClockPTimer_nortos.oem4f (.text:ClockP_create)
                  000030da    0000001a                              : QueueP_nortos.oem4f (.text:QueueP_get)
                  000030f4    0000001a                              : SemaphoreP_nortos.oem4f (.text:SemaphoreP_createBinary)
                  0000310e    00000018                              : ClockPTimer_nortos.oem4f (.text:ClockP_destruct)
                  00003126    00000018                              : HwiPMSP432_nortos.oem4f (.text:HwiP_delete)
                  0000313e    00000002     rtsv7M4_T_le_v4SPD16_eabi.lib : _lock.c.obj (.text:_nop)
                  00003140    00000018     nortos_msp432p401x.aem4f : HwiPMSP432_nortos.oem4f (.text:HwiP_inISR)
                  00003158    00000018     msp432p4xx_driverlib.lib : sysctl_a.o (.text:SysCtl_A_disableNMISource)
                  00003170    00000018                              : sysctl_a.o (.text:SysCtl_A_enableNMISource)
                  00003188    00000018     drivers_msp432p401x.aem4f : UART.oem4f (.text:UART_Params_init)
                  000031a0    00000018     nortos_msp432p401x.aem4f : startup_msp432_ccs.oem4f (.text:resetISR)
                  000031b8    00000016                              : SemaphoreP_nortos.oem4f (.text:SemaphoreP_create)
                  000031ce    00000016                              : SwiP_nortos.oem4f (.text:maxbit)
                  000031e4    00000014     drivers_msp432p401x.aem4f : PowerMSP432.oem4f (.text:Power_idleFunc)
                  000031f8    00000014     nortos_msp432p401x.aem4f : SwiP_nortos.oem4f (.text:SwiP_handleHwi)
                  0000320c    00000014                              : TimerPMSP432_nortos.oem4f (.text:TimerP_getCount)
                  00003220    00000014     drivers_msp432p401x.aem4f : UARTMSP432.oem4f (.text:clearTXCPTIFG)
                  00003234    00000012     nortos_msp432p401x.aem4f : HwiPMSP432_nortos.oem4f (.text:HwiP_Params_init)
                  00003246    00000012     drivers_msp432p401x.aem4f : RingBuf.oem4f (.text:RingBuf_construct)
                  00003258    00000012     main_nortos.obj (.text:main)
                  0000326a    00000002     nortos_msp432p401x.aem4f : startup_msp432_ccs.oem4f (.text:busFaultISR)
                  0000326c    00000010                              : ClockPTimer_nortos.oem4f (.text:ClockP_Params_init)
                  0000327c    00000010                              : ClockPTimer_nortos.oem4f (.text:ClockP_delete)
                  0000328c    00000010                              : HwiPMSP432_nortos.oem4f (.text:HwiP_disable)
                  0000329c    00000010     msp432p4xx_driverlib.lib : interrupt.o (.text:Interrupt_disableMaster)
                  000032ac    00000010                              : interrupt.o (.text:Interrupt_enableMaster)
                  000032bc    00000010     drivers_msp432p401x.aem4f : PowerMSP432.oem4f (.text:PowerMSP432_getNumPerfLevels)
                  000032cc    00000010                               : PowerMSP432.oem4f (.text:Power_disablePolicy)
                  000032dc    00000010                               : PowerMSP432.oem4f (.text:Power_enablePolicy)
                  000032ec    00000010     nortos_msp432p401x.aem4f : SemaphoreP_nortos.oem4f (.text:SemaphoreP_Params_init)
                  000032fc    00000010                              : SwiP_nortos.oem4f (.text:SwiP_Params_init)
                  0000330c    00000010     msp432p4xx_driverlib.lib : sysctl_a.o (.text:SysCtl_A_getNMISourceStatus)
                  0000331c    00000010                              : sysctl.o (.text:SysCtl_getNMISourceStatus)
                  0000332c    00000010     nortos_msp432p401x.aem4f : TimerPMSP432_nortos.oem4f (.text:TimerP_Params_init)
                  0000333c    00000010     drivers_msp432p401x.aem4f : UARTMSP432.oem4f (.text:readBlockingTimeout)
                  0000334c    0000000e     nortos_msp432p401x.aem4f : QueueP_nortos.oem4f (.text:QueueP_empty)
                  0000335a    0000000e                              : QueueP_nortos.oem4f (.text:QueueP_remove)
                  00003368    0000000e     rtsv7M4_T_le_v4SPD16_eabi.lib : copy_decompress_none.c.obj (.text:decompress:none:__TI_decompress_none)
                  00003376    0000000c     ti_drivers_config.obj (.text:Board_init)
                  00003382    0000000c     msp432p4xx_driverlib.lib : cpu.o (.text:CPU_cpsid)
                  0000338e    0000000c                              : cpu.o (.text:CPU_cpsie)
                  0000339a    00000002     nortos_msp432p401x.aem4f : SemaphoreP_nortos.oem4f (.text:clkFxn)
                  0000339c    0000000c                              : ClockPTimer_nortos.oem4f (.text:ClockP_doTick)
                  000033a8    0000000c     drivers_msp432p401x.aem4f : PowerMSP432.oem4f (.text:Power_getConstraintMask)
                  000033b4    0000000c                               : PowerMSP432.oem4f (.text:Power_getPerformanceLevel)
                  000033c0    0000000c     nortos_msp432p401x.aem4f : TimerPMSP432_nortos.oem4f (.text:TimerP_getFreq)
                  000033cc    0000000c                              : TimerPMSP432_nortos.oem4f (.text:TimerP_getMaxTicks)
                  000033d8    0000000a     drivers_msp432p401x.aem4f : UART.oem4f (.text:UART_read)
                  000033e2    0000000a                               : UART.oem4f (.text:UART_write)
                  000033ec    00000008     nortos_msp432p401x.aem4f : HwiPMSP432_nortos.oem4f (.text:HwiP_restore)
                  000033f4    00000008     rtsv7M4_T_le_v4SPD16_eabi.lib : memory.c.obj (.text:malloc)
                  000033fc    00000008     drivers_msp432p401x.aem4f : UARTMSP432.oem4f (.text:readSemCallback)
                  00003404    00000008                               : UARTMSP432.oem4f (.text:txcptEnabledStatus)
                  0000340c    00000008                               : UARTMSP432.oem4f (.text:writeSemCallback)
                  00003414    00000006     nortos_msp432p401x.aem4f : ClockPTimer_nortos.oem4f (.text:ClockP_stop)
                  0000341a    00000006                              : QueueP_nortos.oem4f (.text:QueueP_init)
                  00003420    00000004                              : ClockPTimer_nortos.oem4f (.text:ClockP_isActive)
                  00003424    00000004                              : ClockPTimer_nortos.oem4f (.text:ClockP_setTimeout)
                  00003428    00000004                              : HwiPMSP432_nortos.oem4f (.text:HwiP_enable)
                  0000342c    00000004                              : HwiPMSP432_nortos.oem4f (.text:HwiP_post)
                  00003430    00000004                              : QueueP_nortos.oem4f (.text:QueueP_head)
                  00003434    00000004                              : QueueP_nortos.oem4f (.text:QueueP_next)
                  00003438    00000004                              : SemaphoreP_nortos.oem4f (.text:SemaphoreP_delete)
                  0000343c    00000004                              : TimerPMSP432_nortos.oem4f (.text:TimerP_setPeriod)
                  00003440    00000004     rtsv7M4_T_le_v4SPD16_eabi.lib : pre_init.c.obj (.text:_system_pre_init)
                  00003444    00000004                                   : exit.c.obj (.text:abort:abort)
                  00003448    00000002     nortos_msp432p401x.aem4f : startup_msp432_ccs.oem4f (.text:defaultISR)
                  0000344a    00000002                              : startup_msp432_ccs.oem4f (.text:faultISR)
                  0000344c    00000002                              : startup_msp432_ccs.oem4f (.text:nmiISR)
                  0000344e    00000002     rtsv7M4_T_le_v4SPD16_eabi.lib : div0.asm.obj (.text)

.const     0    00003450    0000021e     
                  00003450    00000058     ti_drivers_config.obj (.const:uartMSP432HWAttrs)
                  000034a8    00000050     msp432p4xx_driverlib.lib : interrupt.o (.const:g_pulRegs)
                  000034f8    00000050     ti_drivers_config.obj (.const:uartMSP432Baudrates)
                  00003548    00000038     ti_drivers_config.obj (.const:PowerMSP432_config)
                  00003580    00000028     drivers_msp432p401x.aem4f : UARTMSP432.oem4f (.const:UARTMSP432_fxnTable)
                  000035a8    00000024                               : UART.oem4f (.const:UART_defaultParams)
                  000035cc    00000020                               : UARTMSP432.oem4f (.const:staticFxnTable)
                  000035ec    00000018     ti_drivers_config.obj (.const:UART_config)
                  00003604    00000016     uartecho.obj (.const:.string:$P$T0$1)
                  0000361a    00000001     ti_drivers_config.obj (.const)
                  0000361b    00000001     --HOLE-- [fill = 0]
                  0000361c    00000014     ti_drivers_config.obj (.const:GPIOMSP432_config)
                  00003630    00000010     nortos_msp432p401x.aem4f : SwiP_nortos.oem4f (.const:SwiP_defaultParams)
                  00003640    00000008     msp432p4xx_driverlib.lib : interrupt.o (.const:g_pulDisRegs)
                  00003648    00000008                              : interrupt.o (.const:g_pulEnRegs)
                  00003650    00000008                              : interrupt.o (.const:g_pulPendRegs)
                  00003658    00000006     drivers_msp432p401x.aem4f : GPIOMSP432.oem4f (.const:.string:interruptType)
                  0000365e    00000006                               : GPIOMSP432.oem4f (.const:.string:portInterruptIds)
                  00003664    00000005                               : UARTMSP432.oem4f (.const:.string:parityTypes)
                  00003669    00000001     --HOLE-- [fill = 0]
                  0000366a    00000004                               : UARTMSP432.oem4f (.const:stopBits)

.cinit     0    00003670    000000c0     
                  00003670    00000088     (.cinit..data.load) [load image, compression = lzss]
                  000036f8    0000000c     (__TI_handler_table)
                  00003704    00000004     --HOLE-- [fill = 0]
                  00003708    00000008     (.cinit..bss.load) [load image, compression = zero_init]
                  00003710    00000008     (.cinit..vtable.load) [load image, compression = zero_init]
                  00003718    00000018     (__TI_cinit_table)

.init_array 
*          0    00000000    00000000     UNINITIALIZED

.intvecs   0    00000000    00000144     
                  00000000    00000144     nortos_msp432p401x.aem4f : startup_msp432_ccs.oem4f (.intvecs:retain)

.sysmem    0    20000000    00008000     UNINITIALIZED
                  20000000    00000010     rtsv7M4_T_le_v4SPD16_eabi.lib : memory.c.obj (.sysmem)
                  20000010    00007ff0     --HOLE--

.data      0    20008000    000002fc     UNINITIALIZED
                  20008000    00000140     nortos_msp432p401x.aem4f : HwiPMSP432_nortos.oem4f (.data:HwiP_dispatchTable)
                  20008140    00000140     drivers_msp432p401x.aem4f : PowerMSP432.oem4f (.data:PowerMSP432_perfLevels)
                  20008280    0000002c                               : PowerMSP432.oem4f (.data:PowerMSP432_module)
                  200082ac    0000000c     nortos_msp432p401x.aem4f : ClockPTimer_nortos.oem4f (.data:ClockP_defaultParams)
                  200082b8    0000000c                              : TimerPMSP432_nortos.oem4f (.data:TimerP_defaultParams)
                  200082c4    00000008     rtsv7M4_T_le_v4SPD16_eabi.lib : _lock.c.obj (.data:$O1$$)
                  200082cc    00000008                                   : memory.c.obj (.data:$O1$$)
                  200082d4    00000008     nortos_msp432p401x.aem4f : SemaphoreP_nortos.oem4f (.data:SemaphoreP_defaultParams)
                  200082dc    00000008                              : ClockPTimer_nortos.oem4f (.data)
                  200082e4    00000008                              : HwiPMSP432_nortos.oem4f (.data)
                  200082ec    00000004     ti_drivers_config.obj (.data:gpioCallbackFunctions)
                  200082f0    00000004     ti_drivers_config.obj (.data:gpioPinConfigs)
                  200082f4    00000003     nortos_msp432p401x.aem4f : SemaphoreP_nortos.oem4f (.data)
                  200082f7    00000002     drivers_msp432p401x.aem4f : GPIOMSP432.oem4f (.data)
                  200082f9    00000001                               : UART.oem4f (.data)
                  200082fa    00000001     nortos_msp432p401x.aem4f : SwiP_nortos.oem4f (.data)
                  200082fb    00000001                              : TimerPMSP432_nortos.oem4f (.data)

.bss       0    20008300    00000294     UNINITIALIZED
                  20008300    00000100     (.common:uartMSP432Objects)
                  20008400    000000a0     nortos_msp432p401x.aem4f : ClockPTimer_nortos.oem4f (.bss:ClockP_module)
                  200084a0    00000030     drivers_msp432p401x.aem4f : GPIOMSP432.oem4f (.bss:gpioCallbackInfo)
                  200084d0    00000020     nortos_msp432p401x.aem4f : SwiP_nortos.oem4f (.bss:SwiP_readyList)
                  200084f0    00000020     ti_drivers_config.obj (.bss:uartMSP432RingBuffer0)
                  20008510    00000020     ti_drivers_config.obj (.bss:uartMSP432RingBuffer1)
                  20008530    0000001c     nortos_msp432p401x.aem4f : SwiP_nortos.oem4f (.bss:SwiP_hwiStruct)
                  2000854c    0000001c                              : TimerPMSP432_nortos.oem4f (.bss:TimerP_hwiStruct)
                  20008568    0000000d                              : SwiP_nortos.oem4f (.bss)
                  20008575    00000003     --HOLE--
                  20008578    00000008     msp432p4xx_driverlib.lib : cs.o (.bss)
                  20008580    00000008     nortos_msp432p401x.aem4f : ClockPTimer_nortos.oem4f (.bss:timerFreq)
                  20008588    00000004     drivers_msp432p401x.aem4f : GPIOMSP432.oem4f (.bss)
                  2000858c    00000004     nortos_msp432p401x.aem4f : ClockPTimer_nortos.oem4f (.bss)
                  20008590    00000004                              : TimerPMSP432_nortos.oem4f (.bss)

.vtable    0    20008800    000000e8     UNINITIALIZED
                  20008800    000000e8     msp432p4xx_driverlib.lib : interrupt.o (.vtable)

.stack     0    2000f000    00001000     UNINITIALIZED
                  2000f000    00000004     rtsv7M4_T_le_v4SPD16_eabi.lib : boot_cortex_m.c.obj (.stack)
                  2000f004    00000ffc     --HOLE--

__llvm_prf_cnts 
*          0    20000000    00000000     UNINITIALIZED

.binit     0    00000000    00000000     

MODULE SUMMARY

       Module                       code    ro data   rw data
       ------                       ----    -------   -------
    .\
       uartecho.obj                 128     22        0      
       main_nortos.obj              18      0         0      
    +--+----------------------------+-------+---------+---------+
       Total:                       146     22        0      
                                                             
    .\syscfg\
       ti_drivers_config.obj        14      269       656    
    +--+----------------------------+-------+---------+---------+
       Total:                       14      269       656    
                                                             
    C:/ti/simplelink_msp432p4_sdk_3_40_01_02/kernel/nortos/lib/nortos_msp432p401x.aem4f
       ClockPTimer_nortos.oem4f     884     0         384    
       HwiPMSP432_nortos.oem4f      288     0         656    
       SwiP_nortos.oem4f            630     16        148    
       TimerPMSP432_nortos.oem4f    676     0         90     
       SemaphoreP_nortos.oem4f      378     0         22     
       startup_msp432_ccs.oem4f     32      324       0      
       QueueP_nortos.oem4f          100     0         0      
       PowerMSP432_nortos.oem4f     76      0         0      
    +--+----------------------------+-------+---------+---------+
       Total:                       3064    340       1300   
                                                             
    C:/ti/simplelink_msp432p4_sdk_3_40_01_02/source/ti/devices/msp432p4xx/driverlib/ccs/msp432p4xx_driverlib.lib
       interrupt.o                  598     104       464    
       cs.o                         704     0         16     
       uart.o                       284     0         0      
       sysctl_a.o                   64      0         0      
       cpu.o                        24      0         0      
       sysctl.o                     16      0         0      
    +--+----------------------------+-------+---------+---------+
       Total:                       1690    104       480    
                                                             
    C:/ti/simplelink_msp432p4_sdk_3_40_01_02/source/ti/drivers/lib/drivers_msp432p401x.aem4f
       UARTMSP432.oem4f             3406    81        0      
       PowerMSP432.oem4f            2228    0         728    
       GPIOMSP432.oem4f             828     12        108    
       UART.oem4f                   176     36        2      
       RingBuf.oem4f                184     0         0      
       List.oem4f                   76      0         0      
    +--+----------------------------+-------+---------+---------+
       Total:                       6898    129       838    
                                                             
    C:\ti\ccs1011\ccs\tools\compiler\ti-cgt-arm_20.2.3.LTS\lib\rtsv7M4_T_le_v4SPD16_eabi.lib
       memory.c.obj                 672     0         16     
       memcpy_t2.asm.obj            156     0         0      
       ull_div_t2.asm.obj           150     0         0      
       copy_decompress_lzss.c.obj   104     0         0      
       autoinit.c.obj               68      0         0      
       boot_cortex_m.c.obj          52      0         0      
       copy_zero_init.c.obj         28      0         0      
       _lock.c.obj                  2       0         16     
       copy_decompress_none.c.obj   14      0         0      
       exit.c.obj                   4       0         0      
       pre_init.c.obj               4       0         0      
       div0.asm.obj                 2       0         0      
    +--+----------------------------+-------+---------+---------+
       Total:                       1256    0         32     
                                                             
       Heap:                        0       0         65536  
       Stack:                       0       0         8192   
       Linker Generated:            0       188       0      
    +--+----------------------------+-------+---------+---------+
       Grand Total:                 13068   1052      77034  


LINKER GENERATED COPY TABLES

__TI_cinit_table @ 00003718 records: 3, size/record: 8, table size: 24
	.data: load addr=00003670, load size=00000088 bytes, run addr=20008000, run size=000002fc bytes, compression=lzss
	.bss: load addr=00003708, load size=00000008 bytes, run addr=20008300, run size=00000294 bytes, compression=zero_init
	.vtable: load addr=00003710, load size=00000008 bytes, run addr=20008800, run size=000000e8 bytes, compression=zero_init


LINKER GENERATED HANDLER TABLE

__TI_handler_table @ 000036f8 records: 3, size/record: 4, table size: 12
	index: 0, handler: __TI_decompress_lzss
	index: 1, handler: __TI_decompress_none
	index: 2, handler: __TI_zero_init


GLOBAL SYMBOLS: SORTED ALPHABETICALLY BY Name 

address   name                              
-------   ----                              
00003377  Board_init                        
00001403  Board_initHook                    
00003445  C$$EXIT                           
00003383  CPU_cpsid                         
0000338f  CPU_cpsie                         
00002fb1  CS_setExternalClockSourceFrequency
00000d21  CS_startHFXTWithTimeout           
00000ee9  CS_startLFXTWithTimeout           
0000326d  ClockP_Params_init                
00002fd1  ClockP_add                        
00002909  ClockP_construct                  
000030c1  ClockP_create                     
0000327d  ClockP_delete                     
0000310f  ClockP_destruct                   
0000339d  ClockP_doTick                     
00002f45  ClockP_getTicks                   
00003421  ClockP_isActive                   
00002f69  ClockP_scheduleNextTick           
00003425  ClockP_setTimeout                 
00002019  ClockP_start                      
00001575  ClockP_startup                    
00003415  ClockP_stop                       
200082e0  ClockP_tickPeriod                 
00002219  ClockP_walkQueueDynamic           
00001791  ClockP_workFuncDynamic            
0000361c  GPIOMSP432_config                 
0000244d  GPIO_hwiIntFxn                    
0000183d  GPIO_init                         
00002655  GPIO_setCallback                  
00000995  GPIO_setConfig                    
00002711  GPIO_write                        
00003235  HwiP_Params_init                  
00002291  HwiP_construct                    
00002e05  HwiP_create                       
00003127  HwiP_delete                       
0000328d  HwiP_disable                      
00002f8d  HwiP_dispatch                     
00003429  HwiP_enable                       
00003141  HwiP_inISR                        
200082e4  HwiP_key                          
0000342d  HwiP_post                         
000033ed  HwiP_restore                      
200082e8  HwiP_swiPIntNum                   
00002099  Interrupt_disableInterrupt        
0000329d  Interrupt_disableMaster           
00002119  Interrupt_enableInterrupt         
000032ad  Interrupt_enableMaster            
000024b5  Interrupt_pendInterrupt           
000026b5  Interrupt_registerInterrupt       
00002819  Interrupt_setPriority             
00003051  Interrupt_unregisterInterrupt     
00002ef9  List_put                          
00002f1f  List_remove                       
00003429  NoRTOS_start                      
00003548  PowerMSP432_config                
0000251d  PowerMSP432_getFreqs              
000032bd  PowerMSP432_getNumPerfLevels      
00002a27  PowerMSP432_initPolicy            
20008280  PowerMSP432_module                
20008140  PowerMSP432_perfLevels            
00002951  PowerMSP432_sleepPolicy           
00002d9f  PowerMSP432_updateFreqs           
000032cd  Power_disablePolicy               
000032dd  Power_enablePolicy                
000033a9  Power_getConstraintMask           
000033b5  Power_getPerformanceLevel         
000031e5  Power_idleFunc                    
00001b79  Power_init                        
00002e31  Power_registerNotify              
00002999  Power_releaseConstraint           
00002cf9  Power_setConstraint               
00000145  Power_sleep                       
00002ff1  Power_unregisterNotify            
0000334d  QueueP_empty                      
000030db  QueueP_get                        
00003431  QueueP_head                       
0000341b  QueueP_init                       
00003435  QueueP_next                       
00003011  QueueP_put                        
0000335b  QueueP_remove                     
00003247  RingBuf_construct                 
00002b7d  RingBuf_get                       
00003031  RingBuf_peek                      
000029e1  RingBuf_put                       
000032ed  SemaphoreP_Params_init            
0000286d  SemaphoreP_construct              
000031b9  SemaphoreP_create                 
000030f5  SemaphoreP_createBinary           
200082d4  SemaphoreP_defaultParams          
00003439  SemaphoreP_delete                 
00001a39  SemaphoreP_pend                   
00002a29  SemaphoreP_post                   
000032fd  SwiP_Params_init                  
00001261  SwiP_construct                    
0000306d  SwiP_disable                      
00001c15  SwiP_dispatch                     
00002585  SwiP_post                         
00002a6d  SwiP_restore                      
00003159  SysCtl_A_disableNMISource         
00003171  SysCtl_A_enableNMISource          
0000330d  SysCtl_A_getNMISourceStatus       
0000331d  SysCtl_getNMISourceStatus         
0000332d  TimerP_Params_init                
00000fc9  TimerP_construct                  
00002769  TimerP_dynamicStub                
000023e1  TimerP_getCurrentTick             
000033c1  TimerP_getFreq                    
000033cd  TimerP_getMaxTicks                
00002cbd  TimerP_initDevice                 
00002bbd  TimerP_setNextTick                
0000343d  TimerP_setPeriod                  
00002ab1  TimerP_start                      
00001de3  UARTMSP432_close                  
00001629  UARTMSP432_control                
00003580  UARTMSP432_fxnTable               
00001339  UARTMSP432_hwiIntFxn              
00002e2f  UARTMSP432_init                   
0000043d  UARTMSP432_open                   
00002bfd  UARTMSP432_read                   
00002d69  UARTMSP432_readCancel             
000010a9  UARTMSP432_readPolling            
000018e9  UARTMSP432_write                  
00002301  UARTMSP432_writeCancel            
000016dd  UARTMSP432_writePolling           
00003189  UART_Params_init                  
000035ec  UART_config                       
0000361a  UART_count                        
000035a8  UART_defaultParams                
00002af5  UART_init                         
00000b05  UART_initModule                   
00002c3d  UART_open                         
000033d9  UART_read                         
000033e3  UART_write                        
4000480c  WDTCTL_SYM                        
20010000  __STACK_END                       
00001000  __STACK_SIZE                      
00008000  __SYSMEM_SIZE                     
00003718  __TI_CINIT_Base                   
00003730  __TI_CINIT_Limit                  
000036f8  __TI_Handler_Table_Base           
00003704  __TI_Handler_Table_Limit          
00002b39  __TI_auto_init_nobinit_nopinit    
000025ed  __TI_decompress_lzss              
00003369  __TI_decompress_none              
ffffffff  __TI_pprof_out_hndl               
ffffffff  __TI_prof_data_size               
ffffffff  __TI_prof_data_start              
00003670  __TI_static_base__                
00003089  __TI_zero_init_nomemset           
0000344f  __aeabi_idiv0                     
0000344f  __aeabi_ldiv0                     
00001cb1  __aeabi_memcpy                    
00001cb1  __aeabi_memcpy4                   
00001cb1  __aeabi_memcpy8                   
00001d4d  __aeabi_uldivmod                  
ffffffff  __binit__                         
ffffffff  __c_args__                        
UNDEFED   __mpu_init                        
2000f000  __stack                           
20000000  __start___llvm_prf_cnts           
20000000  __stop___llvm_prf_cnts            
00002da1  _c_int00_noargs                   
200082c4  _lock                             
0000313f  _nop                              
20000000  _sys_memory                       
UNDEFED   _system_post_cinit                
00003441  _system_pre_init                  
200082c8  _unlock                           
00003445  abort                             
00000c21  aligned_alloc                     
ffffffff  binit                             
0000339b  clkFxn                            
00000e05  free                              
20008800  g_pfnRAMVectors                   
200082ec  gpioCallbackFunctions             
200082f0  gpioPinConfigs                    
00000000  interruptVectors                  
00003259  main                              
00002199  mainThread                        
000033f5  malloc                            
00000c21  memalign                          
00001cb1  memcpy                            
000031a1  resetISR                          
20008300  uartMSP432Objects                 


GLOBAL SYMBOLS: SORTED BY Symbol Address 

address   name                              
-------   ----                              
00000000  interruptVectors                  
00000145  Power_sleep                       
0000043d  UARTMSP432_open                   
00000995  GPIO_setConfig                    
00000b05  UART_initModule                   
00000c21  aligned_alloc                     
00000c21  memalign                          
00000d21  CS_startHFXTWithTimeout           
00000e05  free                              
00000ee9  CS_startLFXTWithTimeout           
00000fc9  TimerP_construct                  
00001000  __STACK_SIZE                      
000010a9  UARTMSP432_readPolling            
00001261  SwiP_construct                    
00001339  UARTMSP432_hwiIntFxn              
00001403  Board_initHook                    
00001575  ClockP_startup                    
00001629  UARTMSP432_control                
000016dd  UARTMSP432_writePolling           
00001791  ClockP_workFuncDynamic            
0000183d  GPIO_init                         
000018e9  UARTMSP432_write                  
00001a39  SemaphoreP_pend                   
00001b79  Power_init                        
00001c15  SwiP_dispatch                     
00001cb1  __aeabi_memcpy                    
00001cb1  __aeabi_memcpy4                   
00001cb1  __aeabi_memcpy8                   
00001cb1  memcpy                            
00001d4d  __aeabi_uldivmod                  
00001de3  UARTMSP432_close                  
00002019  ClockP_start                      
00002099  Interrupt_disableInterrupt        
00002119  Interrupt_enableInterrupt         
00002199  mainThread                        
00002219  ClockP_walkQueueDynamic           
00002291  HwiP_construct                    
00002301  UARTMSP432_writeCancel            
000023e1  TimerP_getCurrentTick             
0000244d  GPIO_hwiIntFxn                    
000024b5  Interrupt_pendInterrupt           
0000251d  PowerMSP432_getFreqs              
00002585  SwiP_post                         
000025ed  __TI_decompress_lzss              
00002655  GPIO_setCallback                  
000026b5  Interrupt_registerInterrupt       
00002711  GPIO_write                        
00002769  TimerP_dynamicStub                
00002819  Interrupt_setPriority             
0000286d  SemaphoreP_construct              
00002909  ClockP_construct                  
00002951  PowerMSP432_sleepPolicy           
00002999  Power_releaseConstraint           
000029e1  RingBuf_put                       
00002a27  PowerMSP432_initPolicy            
00002a29  SemaphoreP_post                   
00002a6d  SwiP_restore                      
00002ab1  TimerP_start                      
00002af5  UART_init                         
00002b39  __TI_auto_init_nobinit_nopinit    
00002b7d  RingBuf_get                       
00002bbd  TimerP_setNextTick                
00002bfd  UARTMSP432_read                   
00002c3d  UART_open                         
00002cbd  TimerP_initDevice                 
00002cf9  Power_setConstraint               
00002d69  UARTMSP432_readCancel             
00002d9f  PowerMSP432_updateFreqs           
00002da1  _c_int00_noargs                   
00002e05  HwiP_create                       
00002e2f  UARTMSP432_init                   
00002e31  Power_registerNotify              
00002ef9  List_put                          
00002f1f  List_remove                       
00002f45  ClockP_getTicks                   
00002f69  ClockP_scheduleNextTick           
00002f8d  HwiP_dispatch                     
00002fb1  CS_setExternalClockSourceFrequency
00002fd1  ClockP_add                        
00002ff1  Power_unregisterNotify            
00003011  QueueP_put                        
00003031  RingBuf_peek                      
00003051  Interrupt_unregisterInterrupt     
0000306d  SwiP_disable                      
00003089  __TI_zero_init_nomemset           
000030c1  ClockP_create                     
000030db  QueueP_get                        
000030f5  SemaphoreP_createBinary           
0000310f  ClockP_destruct                   
00003127  HwiP_delete                       
0000313f  _nop                              
00003141  HwiP_inISR                        
00003159  SysCtl_A_disableNMISource         
00003171  SysCtl_A_enableNMISource          
00003189  UART_Params_init                  
000031a1  resetISR                          
000031b9  SemaphoreP_create                 
000031e5  Power_idleFunc                    
00003235  HwiP_Params_init                  
00003247  RingBuf_construct                 
00003259  main                              
0000326d  ClockP_Params_init                
0000327d  ClockP_delete                     
0000328d  HwiP_disable                      
0000329d  Interrupt_disableMaster           
000032ad  Interrupt_enableMaster            
000032bd  PowerMSP432_getNumPerfLevels      
000032cd  Power_disablePolicy               
000032dd  Power_enablePolicy                
000032ed  SemaphoreP_Params_init            
000032fd  SwiP_Params_init                  
0000330d  SysCtl_A_getNMISourceStatus       
0000331d  SysCtl_getNMISourceStatus         
0000332d  TimerP_Params_init                
0000334d  QueueP_empty                      
0000335b  QueueP_remove                     
00003369  __TI_decompress_none              
00003377  Board_init                        
00003383  CPU_cpsid                         
0000338f  CPU_cpsie                         
0000339b  clkFxn                            
0000339d  ClockP_doTick                     
000033a9  Power_getConstraintMask           
000033b5  Power_getPerformanceLevel         
000033c1  TimerP_getFreq                    
000033cd  TimerP_getMaxTicks                
000033d9  UART_read                         
000033e3  UART_write                        
000033ed  HwiP_restore                      
000033f5  malloc                            
00003415  ClockP_stop                       
0000341b  QueueP_init                       
00003421  ClockP_isActive                   
00003425  ClockP_setTimeout                 
00003429  HwiP_enable                       
00003429  NoRTOS_start                      
0000342d  HwiP_post                         
00003431  QueueP_head                       
00003435  QueueP_next                       
00003439  SemaphoreP_delete                 
0000343d  TimerP_setPeriod                  
00003441  _system_pre_init                  
00003445  C$$EXIT                           
00003445  abort                             
0000344f  __aeabi_idiv0                     
0000344f  __aeabi_ldiv0                     
00003548  PowerMSP432_config                
00003580  UARTMSP432_fxnTable               
000035a8  UART_defaultParams                
000035ec  UART_config                       
0000361a  UART_count                        
0000361c  GPIOMSP432_config                 
00003670  __TI_static_base__                
000036f8  __TI_Handler_Table_Base           
00003704  __TI_Handler_Table_Limit          
00003718  __TI_CINIT_Base                   
00003730  __TI_CINIT_Limit                  
00008000  __SYSMEM_SIZE                     
20000000  __start___llvm_prf_cnts           
20000000  __stop___llvm_prf_cnts            
20000000  _sys_memory                       
20008140  PowerMSP432_perfLevels            
20008280  PowerMSP432_module                
200082c4  _lock                             
200082c8  _unlock                           
200082d4  SemaphoreP_defaultParams          
200082e0  ClockP_tickPeriod                 
200082e4  HwiP_key                          
200082e8  HwiP_swiPIntNum                   
200082ec  gpioCallbackFunctions             
200082f0  gpioPinConfigs                    
20008300  uartMSP432Objects                 
20008800  g_pfnRAMVectors                   
2000f000  __stack                           
20010000  __STACK_END                       
4000480c  WDTCTL_SYM                        
ffffffff  __TI_pprof_out_hndl               
ffffffff  __TI_prof_data_size               
ffffffff  __TI_prof_data_start              
ffffffff  __binit__                         
ffffffff  __c_args__                        
ffffffff  binit                             
UNDEFED   __mpu_init                        
UNDEFED   _system_post_cinit                

[184 symbols]
