******************************************************************************
                  TI ARM Linker PC v20.2.1                     
******************************************************************************
>> Linked Tue Jan 26 14:45:47 2021

OUTPUT FILE NAME:   <LCD_msp432.out>
ENTRY POINT SYMBOL: "_c_int00_noargs"  address: 00001c35


MEMORY CONFIGURATION

         name            origin    length      used     unused   attr    fill
----------------------  --------  ---------  --------  --------  ----  --------
  MAIN                  00000000   00040000  00001e0c  0003e1f4  R  X
  INFO                  00200000   00004000  00000000  00004000  R  X
  SRAM_CODE             01000000   00010000  00000400  0000fc00  RW X
  SRAM_DATA             20000000   00010000  00000400  0000fc00  RW  


SEGMENT ALLOCATION MAP

run origin  load origin   length   init length attrs members
----------  ----------- ---------- ----------- ----- -------
00000000    00000000    00001e10   00001e10    r-x
  00000000    00000000    000000e4   000000e4    r-- .intvecs
  000000e4    000000e4    00001c28   00001c28    r-x .text
  00001d10    00001d10    000000d0   000000d0    r-- .const
  00001de0    00001de0    00000030   00000030    r-- .cinit
20000000    20000000    00000200   00000000    rw-
  20000000    20000000    000001f8   00000000    rw- .bss
  200001f8    200001f8    00000008   00000000    rw- .data
2000fe00    2000fe00    00000200   00000000    rw-
  2000fe00    2000fe00    00000200   00000000    rw- .stack


SECTION ALLOCATION MAP

 output                                  attributes/
section   page    origin      length       input sections
--------  ----  ----------  ----------   ----------------
.intvecs   0    00000000    000000e4     
                  00000000    000000e4     startup_msp432p401r_ccs.obj (.intvecs:retain)

.text      0    000000e4    00001c28     
                  000000e4    000009c0     rtsv7M4_T_le_v4SPD16_eabi.lib : e_pow.c.obj (.text:pow)
                  00000aa4    0000056c     main.obj (.text)
                  00001010    00000334     system_msp432p401r.obj (.text)
                  00001344    000001b6     rtsv7M4_T_le_v4SPD16_eabi.lib : fd_add_t2.asm.obj (.text)
                  000014fa    00000002     --HOLE-- [fill = 0]
                  000014fc    00000158                                   : e_sqrt.c.obj (.text:sqrt)
                  00001654    00000136                                   : fd_div_t2.asm.obj (.text)
                  0000178a    00000002     --HOLE-- [fill = 0]
                  0000178c    00000110                                   : s_scalbn.c.obj (.text:scalbn)
                  0000189c    000000fc                                   : fd_mul_t2.asm.obj (.text)
                  00001998    0000009c                                   : memcpy_t2.asm.obj (.text)
                  00001a34    00000086                                   : fd_cmp_t2.asm.obj (.text:__aeabi_cdcmple)
                  00001aba    00000086                                   : fd_cmp_t2.asm.obj (.text:__aeabi_cdrcmple)
                  00001b40    00000068                                   : copy_decompress_lzss.c.obj (.text:decompress:lzss:__TI_decompress_lzss)
                  00001ba8    00000048                                   : fd_toi_t2.asm.obj (.text)
                  00001bf0    00000044                                   : autoinit.c.obj (.text:__TI_auto_init_nobinit_nopinit:__TI_auto_init_nobinit_nopinit)
                  00001c34    00000034                                   : boot_cortex_m.c.obj (.text:_c_int00_noargs:_c_int00_noargs)
                  00001c68    0000002e                                   : i_tofd_t2.asm.obj (.text)
                  00001c96    0000001c                                   : copy_zero_init.c.obj (.text:decompress:ZI:__TI_zero_init_nomemset:__TI_zero_init_nomemset)
                  00001cb2    0000001a                                   : s_copysign.c.obj (.text:copysign)
                  00001ccc    00000014                                   : strlen.c.obj (.text:strlen)
                  00001ce0    0000000e                                   : copy_decompress_none.c.obj (.text:decompress:none:__TI_decompress_none)
                  00001cee    0000000e     startup_msp432p401r_ccs.obj (.text)
                  00001cfc    00000008     rtsv7M4_T_le_v4SPD16_eabi.lib : errno.c.obj (.text:__aeabi_errno_addr)
                  00001d04    00000004                                   : pre_init.c.obj (.text:_system_pre_init)
                  00001d08    00000004                                   : exit.c.obj (.text:abort:abort)

.const     0    00001d10    000000d0     
                  00001d10    0000009c     main.obj (.const:font_table)
                  00001dac    00000004     --HOLE-- [fill = 0]
                  00001db0    00000030     rtsv7M4_T_le_v4SPD16_eabi.lib : e_pow.c.obj (.const:$O1$$)

.cinit     0    00001de0    00000030     
                  00001de0    0000000c     (__TI_handler_table)
                  00001dec    0000000b     (.cinit..data.load) [load image, compression = lzss]
                  00001df7    00000001     --HOLE-- [fill = 0]
                  00001df8    00000008     (.cinit..bss.load) [load image, compression = zero_init]
                  00001e00    00000010     (__TI_cinit_table)

.init_array 
*          0    00000000    00000000     UNINITIALIZED

.binit     0    00000000    00000000     

.bss       0    20000000    000001f8     UNINITIALIZED
                  20000000    000001f8     (.common:m)

.data      0    200001f8    00000008     UNINITIALIZED
                  200001f8    00000004     rtsv7M4_T_le_v4SPD16_eabi.lib : errno.c.obj (.data)
                  200001fc    00000004     system_msp432p401r.obj (.data)

.stack     0    2000fe00    00000200     UNINITIALIZED
                  2000fe00    00000004     rtsv7M4_T_le_v4SPD16_eabi.lib : boot_cortex_m.c.obj (.stack)
                  2000fe04    000001fc     --HOLE--

__llvm_prf_cnts 
*          0    20000000    00000000     UNINITIALIZED

MODULE SUMMARY

       Module                        code   ro data   rw data
       ------                        ----   -------   -------
    .\
       main.obj                      1388   156       1008   
       system_msp432p401r.obj        820    0         8      
       startup_msp432p401r_ccs.obj   14     228       0      
    +--+-----------------------------+------+---------+---------+
       Total:                        2222   384       1016   
                                                             
    C:\ti\ccs1011\ccs\tools\compiler\ti-cgt-arm_20.2.1.LTS\lib\rtsv7M4_T_le_v4SPD16_eabi.lib
       e_pow.c.obj                   2496   48        0      
       fd_add_t2.asm.obj             438    0         0      
       e_sqrt.c.obj                  344    0         0      
       fd_div_t2.asm.obj             310    0         0      
       s_scalbn.c.obj                272    0         0      
       fd_cmp_t2.asm.obj             268    0         0      
       fd_mul_t2.asm.obj             252    0         0      
       memcpy_t2.asm.obj             156    0         0      
       copy_decompress_lzss.c.obj    104    0         0      
       fd_toi_t2.asm.obj             72     0         0      
       autoinit.c.obj                68     0         0      
       boot_cortex_m.c.obj           52     0         0      
       i_tofd_t2.asm.obj             46     0         0      
       copy_zero_init.c.obj          28     0         0      
       s_copysign.c.obj              26     0         0      
       strlen.c.obj                  20     0         0      
       errno.c.obj                   8      0         8      
       copy_decompress_none.c.obj    14     0         0      
       exit.c.obj                    4      0         0      
       pre_init.c.obj                4      0         0      
    +--+-----------------------------+------+---------+---------+
       Total:                        4982   48        8      
                                                             
       Stack:                        0      0         1024   
       Linker Generated:             0      47        0      
    +--+-----------------------------+------+---------+---------+
       Grand Total:                  7204   479       2048   


LINKER GENERATED COPY TABLES

__TI_cinit_table @ 00001e00 records: 2, size/record: 8, table size: 16
	.data: load addr=00001dec, load size=0000000b bytes, run addr=200001f8, run size=00000008 bytes, compression=lzss
	.bss: load addr=00001df8, load size=00000008 bytes, run addr=20000000, run size=000001f8 bytes, compression=zero_init


LINKER GENERATED HANDLER TABLE

__TI_handler_table @ 00001de0 records: 3, size/record: 4, table size: 12
	index: 0, handler: __TI_decompress_lzss
	index: 1, handler: __TI_decompress_none
	index: 2, handler: __TI_zero_init


GLOBAL SYMBOLS: SORTED ALPHABETICALLY BY Name 

address   name                          
-------   ----                          
00001cfb  ADC14_IRQHandler              
00001cfb  AES256_IRQHandler             
00001cfb  BusFault_Handler              
00001d09  C$$EXIT                       
00001cfb  COMP_E0_IRQHandler            
00001cfb  COMP_E1_IRQHandler            
00001cfb  CS_IRQHandler                 
00001cfb  DMA_ERR_IRQHandler            
00001cfb  DMA_INT0_IRQHandler           
00001cfb  DMA_INT1_IRQHandler           
00001cfb  DMA_INT2_IRQHandler           
00001cfb  DMA_INT3_IRQHandler           
00001cfb  DebugMon_Handler              
00001cfb  Default_Handler               
00001cfb  EUSCIA0_IRQHandler            
00001cfb  EUSCIA1_IRQHandler            
00001cfb  EUSCIA2_IRQHandler            
00001cfb  EUSCIA3_IRQHandler            
00001cfb  EUSCIB0_IRQHandler            
00001cfb  EUSCIB1_IRQHandler            
00001cfb  EUSCIB2_IRQHandler            
00001cfb  EUSCIB3_IRQHandler            
00001cfb  FLCTL_IRQHandler              
00001cfb  FPU_IRQHandler                
00000fcb  GLCD                          
00000c27  GLCD_clear                    
00000ca3  GLCD_command_write            
00000c89  GLCD_data_write               
00000c53  GLCD_init                     
00000bbf  GLCD_putchar                  
00000c01  GLCD_setCursor                
00001cfb  HardFault_Handler             
00001cfb  MemManage_Handler             
00001cfb  NMI_Handler                   
00001cfb  PCM_IRQHandler                
00001cfb  PORT1_IRQHandler              
00001cfb  PORT2_IRQHandler              
00001cfb  PORT3_IRQHandler              
00001cfb  PORT4_IRQHandler              
00001cfb  PORT5_IRQHandler              
00001cfb  PORT6_IRQHandler              
00001cfb  PSS_IRQHandler                
00001cfb  PendSV_Handler                
00001cfb  RTC_C_IRQHandler              
00001cef  Reset_Handler                 
00000cbd  SPI_init                      
00000d0f  SPI_write                     
00001cfb  SVC_Handler                   
00001cfb  SysTick_Handler               
200001fc  SystemCoreClock               
00001011  SystemCoreClockUpdate         
00001289  SystemInit                    
00001cfb  T32_INT1_IRQHandler           
00001cfb  T32_INT2_IRQHandler           
00001cfb  T32_INTC_IRQHandler           
00001cfb  TA0_0_IRQHandler              
00001cfb  TA0_N_IRQHandler              
00001cfb  TA1_0_IRQHandler              
00001cfb  TA1_N_IRQHandler              
00001cfb  TA2_0_IRQHandler              
00001cfb  TA2_N_IRQHandler              
00001cfb  TA3_0_IRQHandler              
00001cfb  TA3_N_IRQHandler              
00001cfb  UsageFault_Handler            
4000480c  WDTCTL_SYM                    
00001cfb  WDT_A_IRQHandler              
20010000  __STACK_END                   
00000200  __STACK_SIZE                  
00001e00  __TI_CINIT_Base               
00001e10  __TI_CINIT_Limit              
00001de0  __TI_Handler_Table_Base       
00001dec  __TI_Handler_Table_Limit      
00001bf1  __TI_auto_init_nobinit_nopinit
00001b41  __TI_decompress_lzss          
00001ce1  __TI_decompress_none          
ffffffff  __TI_pprof_out_hndl           
ffffffff  __TI_prof_data_size           
ffffffff  __TI_prof_data_start          
00000000  __TI_static_base__            
00001c97  __TI_zero_init_nomemset       
00001a35  __aeabi_cdcmpeq               
00001a35  __aeabi_cdcmple               
00001abb  __aeabi_cdrcmple              
00001ba9  __aeabi_d2iz                  
0000134f  __aeabi_dadd                  
00001655  __aeabi_ddiv                  
0000189d  __aeabi_dmul                  
00001345  __aeabi_dsub                  
00001cfd  __aeabi_errno_addr            
00001c69  __aeabi_i2d                   
00001999  __aeabi_memcpy                
00001999  __aeabi_memcpy4               
00001999  __aeabi_memcpy8               
ffffffff  __binit__                     
ffffffff  __c_args__                    
UNDEFED   __mpu_init                    
2000fe00  __stack                       
20000000  __start___llvm_prf_cnts       
20000000  __stop___llvm_prf_cnts        
00001c35  _c_int00_noargs               
UNDEFED   _system_post_cinit            
00001d05  _system_pre_init              
00001d09  abort                         
ffffffff  binit                         
00000e49  circle                        
00001cb3  copysign                      
00001cb3  copysignl                     
00000aed  delay                         
00000d6f  duong_cheo                    
00000d3f  duong_nam_doc                 
00000da7  duong_nam_ngang               
200001f8  errno                         
00001d10  font_table                    
00000b2f  init_matrix                   
00000000  interruptVectors              
0000178d  ldexp                         
0000178d  ldexpl                        
20000000  m                             
00000aa5  main                          
00001999  memcpy                        
000000e5  pow                           
000000e5  powl                          
00000ddd  rectangle                     
0000178d  scalbn                        
0000178d  scalbnl                       
00000b6f  set_point                     
000014fd  sqrt                          
000014fd  sqrtl                         
00001ccd  strlen                        
00000f95  write_char                    
00000f5d  write_string                  


GLOBAL SYMBOLS: SORTED BY Symbol Address 

address   name                          
-------   ----                          
00000000  __TI_static_base__            
00000000  interruptVectors              
000000e5  pow                           
000000e5  powl                          
00000200  __STACK_SIZE                  
00000aa5  main                          
00000aed  delay                         
00000b2f  init_matrix                   
00000b6f  set_point                     
00000bbf  GLCD_putchar                  
00000c01  GLCD_setCursor                
00000c27  GLCD_clear                    
00000c53  GLCD_init                     
00000c89  GLCD_data_write               
00000ca3  GLCD_command_write            
00000cbd  SPI_init                      
00000d0f  SPI_write                     
00000d3f  duong_nam_doc                 
00000d6f  duong_cheo                    
00000da7  duong_nam_ngang               
00000ddd  rectangle                     
00000e49  circle                        
00000f5d  write_string                  
00000f95  write_char                    
00000fcb  GLCD                          
00001011  SystemCoreClockUpdate         
00001289  SystemInit                    
00001345  __aeabi_dsub                  
0000134f  __aeabi_dadd                  
000014fd  sqrt                          
000014fd  sqrtl                         
00001655  __aeabi_ddiv                  
0000178d  ldexp                         
0000178d  ldexpl                        
0000178d  scalbn                        
0000178d  scalbnl                       
0000189d  __aeabi_dmul                  
00001999  __aeabi_memcpy                
00001999  __aeabi_memcpy4               
00001999  __aeabi_memcpy8               
00001999  memcpy                        
00001a35  __aeabi_cdcmpeq               
00001a35  __aeabi_cdcmple               
00001abb  __aeabi_cdrcmple              
00001b41  __TI_decompress_lzss          
00001ba9  __aeabi_d2iz                  
00001bf1  __TI_auto_init_nobinit_nopinit
00001c35  _c_int00_noargs               
00001c69  __aeabi_i2d                   
00001c97  __TI_zero_init_nomemset       
00001cb3  copysign                      
00001cb3  copysignl                     
00001ccd  strlen                        
00001ce1  __TI_decompress_none          
00001cef  Reset_Handler                 
00001cfb  ADC14_IRQHandler              
00001cfb  AES256_IRQHandler             
00001cfb  BusFault_Handler              
00001cfb  COMP_E0_IRQHandler            
00001cfb  COMP_E1_IRQHandler            
00001cfb  CS_IRQHandler                 
00001cfb  DMA_ERR_IRQHandler            
00001cfb  DMA_INT0_IRQHandler           
00001cfb  DMA_INT1_IRQHandler           
00001cfb  DMA_INT2_IRQHandler           
00001cfb  DMA_INT3_IRQHandler           
00001cfb  DebugMon_Handler              
00001cfb  Default_Handler               
00001cfb  EUSCIA0_IRQHandler            
00001cfb  EUSCIA1_IRQHandler            
00001cfb  EUSCIA2_IRQHandler            
00001cfb  EUSCIA3_IRQHandler            
00001cfb  EUSCIB0_IRQHandler            
00001cfb  EUSCIB1_IRQHandler            
00001cfb  EUSCIB2_IRQHandler            
00001cfb  EUSCIB3_IRQHandler            
00001cfb  FLCTL_IRQHandler              
00001cfb  FPU_IRQHandler                
00001cfb  HardFault_Handler             
00001cfb  MemManage_Handler             
00001cfb  NMI_Handler                   
00001cfb  PCM_IRQHandler                
00001cfb  PORT1_IRQHandler              
00001cfb  PORT2_IRQHandler              
00001cfb  PORT3_IRQHandler              
00001cfb  PORT4_IRQHandler              
00001cfb  PORT5_IRQHandler              
00001cfb  PORT6_IRQHandler              
00001cfb  PSS_IRQHandler                
00001cfb  PendSV_Handler                
00001cfb  RTC_C_IRQHandler              
00001cfb  SVC_Handler                   
00001cfb  SysTick_Handler               
00001cfb  T32_INT1_IRQHandler           
00001cfb  T32_INT2_IRQHandler           
00001cfb  T32_INTC_IRQHandler           
00001cfb  TA0_0_IRQHandler              
00001cfb  TA0_N_IRQHandler              
00001cfb  TA1_0_IRQHandler              
00001cfb  TA1_N_IRQHandler              
00001cfb  TA2_0_IRQHandler              
00001cfb  TA2_N_IRQHandler              
00001cfb  TA3_0_IRQHandler              
00001cfb  TA3_N_IRQHandler              
00001cfb  UsageFault_Handler            
00001cfb  WDT_A_IRQHandler              
00001cfd  __aeabi_errno_addr            
00001d05  _system_pre_init              
00001d09  C$$EXIT                       
00001d09  abort                         
00001d10  font_table                    
00001de0  __TI_Handler_Table_Base       
00001dec  __TI_Handler_Table_Limit      
00001e00  __TI_CINIT_Base               
00001e10  __TI_CINIT_Limit              
20000000  __start___llvm_prf_cnts       
20000000  __stop___llvm_prf_cnts        
20000000  m                             
200001f8  errno                         
200001fc  SystemCoreClock               
2000fe00  __stack                       
20010000  __STACK_END                   
4000480c  WDTCTL_SYM                    
ffffffff  __TI_pprof_out_hndl           
ffffffff  __TI_prof_data_size           
ffffffff  __TI_prof_data_start          
ffffffff  __binit__                     
ffffffff  __c_args__                    
ffffffff  binit                         
UNDEFED   __mpu_init                    
UNDEFED   _system_post_cinit            

[131 symbols]
